Component: ARM Compiler 5.06 update 6 (build 750) Tool: armlink [4d35ed]

==============================================================================

Section Cross References

    startup_stm32f103xb.o(RESET) refers to startup_stm32f103xb.o(STACK) for __initial_sp
    startup_stm32f103xb.o(RESET) refers to startup_stm32f103xb.o(.text) for Reset_Handler
    startup_stm32f103xb.o(RESET) refers to stm32f1xx_it.o(i.NMI_Handler) for NMI_Handler
    startup_stm32f103xb.o(RESET) refers to stm32f1xx_it.o(i.HardFault_Handler) for HardFault_Handler
    startup_stm32f103xb.o(RESET) refers to stm32f1xx_it.o(i.MemManage_Handler) for MemManage_Handler
    startup_stm32f103xb.o(RESET) refers to stm32f1xx_it.o(i.BusFault_Handler) for BusFault_Handler
    startup_stm32f103xb.o(RESET) refers to stm32f1xx_it.o(i.UsageFault_Handler) for UsageFault_Handler
    startup_stm32f103xb.o(RESET) refers to port.o(.emb_text) for SVC_Handler
    startup_stm32f103xb.o(RESET) refers to stm32f1xx_it.o(i.DebugMon_Handler) for DebugMon_Handler
    startup_stm32f103xb.o(RESET) refers to stm32f1xx_it.o(i.SysTick_Handler) for SysTick_Handler
    startup_stm32f103xb.o(RESET) refers to stm32f1xx_it.o(i.DMA1_Channel3_IRQHandler) for DMA1_Channel3_IRQHandler
    startup_stm32f103xb.o(RESET) refers to stm32f1xx_it.o(i.DMA1_Channel4_IRQHandler) for DMA1_Channel4_IRQHandler
    startup_stm32f103xb.o(RESET) refers to stm32f1xx_it.o(i.USB_LP_CAN1_RX0_IRQHandler) for USB_LP_CAN1_RX0_IRQHandler
    startup_stm32f103xb.o(RESET) refers to stm32f1xx_it.o(i.CAN1_RX1_IRQHandler) for CAN1_RX1_IRQHandler
    startup_stm32f103xb.o(RESET) refers to stm32f1xx_it.o(i.TIM1_UP_IRQHandler) for TIM1_UP_IRQHandler
    startup_stm32f103xb.o(RESET) refers to stm32f1xx_it.o(i.TIM2_IRQHandler) for TIM2_IRQHandler
    startup_stm32f103xb.o(RESET) refers to stm32f1xx_it.o(i.TIM3_IRQHandler) for TIM3_IRQHandler
    startup_stm32f103xb.o(RESET) refers to stm32f1xx_it.o(i.USART1_IRQHandler) for USART1_IRQHandler
    startup_stm32f103xb.o(.text) refers to system_stm32f1xx.o(i.SystemInit) for SystemInit
    startup_stm32f103xb.o(.text) refers to entry.o(.ARM.Collect$$$$00000000) for __main
    stm32f1xx_hal_flash_ex.o(i.FLASH_MassErase) refers to stm32f1xx_hal_flash.o(.bss) for pFlash
    stm32f1xx_hal_flash_ex.o(i.FLASH_OB_DisableWRP) refers to stm32f1xx_hal_flash.o(i.FLASH_WaitForLastOperation) for FLASH_WaitForLastOperation
    stm32f1xx_hal_flash_ex.o(i.FLASH_OB_DisableWRP) refers to stm32f1xx_hal_flash_ex.o(i.HAL_FLASHEx_OBErase) for HAL_FLASHEx_OBErase
    stm32f1xx_hal_flash_ex.o(i.FLASH_OB_DisableWRP) refers to stm32f1xx_hal_flash.o(.bss) for pFlash
    stm32f1xx_hal_flash_ex.o(i.FLASH_OB_EnableWRP) refers to stm32f1xx_hal_flash.o(i.FLASH_WaitForLastOperation) for FLASH_WaitForLastOperation
    stm32f1xx_hal_flash_ex.o(i.FLASH_OB_EnableWRP) refers to stm32f1xx_hal_flash_ex.o(i.HAL_FLASHEx_OBErase) for HAL_FLASHEx_OBErase
    stm32f1xx_hal_flash_ex.o(i.FLASH_OB_EnableWRP) refers to stm32f1xx_hal_flash.o(.bss) for pFlash
    stm32f1xx_hal_flash_ex.o(i.FLASH_OB_RDP_LevelConfig) refers to stm32f1xx_hal_flash.o(i.FLASH_WaitForLastOperation) for FLASH_WaitForLastOperation
    stm32f1xx_hal_flash_ex.o(i.FLASH_OB_RDP_LevelConfig) refers to stm32f1xx_hal_flash.o(.bss) for pFlash
    stm32f1xx_hal_flash_ex.o(i.FLASH_PageErase) refers to stm32f1xx_hal_flash.o(.bss) for pFlash
    stm32f1xx_hal_flash_ex.o(i.HAL_FLASHEx_Erase) refers to stm32f1xx_hal_flash.o(i.FLASH_WaitForLastOperation) for FLASH_WaitForLastOperation
    stm32f1xx_hal_flash_ex.o(i.HAL_FLASHEx_Erase) refers to stm32f1xx_hal_flash_ex.o(i.FLASH_MassErase) for FLASH_MassErase
    stm32f1xx_hal_flash_ex.o(i.HAL_FLASHEx_Erase) refers to stm32f1xx_hal_flash_ex.o(i.FLASH_PageErase) for FLASH_PageErase
    stm32f1xx_hal_flash_ex.o(i.HAL_FLASHEx_Erase) refers to stm32f1xx_hal_flash.o(.bss) for pFlash
    stm32f1xx_hal_flash_ex.o(i.HAL_FLASHEx_Erase_IT) refers to stm32f1xx_hal_flash_ex.o(i.FLASH_PageErase) for FLASH_PageErase
    stm32f1xx_hal_flash_ex.o(i.HAL_FLASHEx_Erase_IT) refers to stm32f1xx_hal_flash_ex.o(i.FLASH_MassErase) for FLASH_MassErase
    stm32f1xx_hal_flash_ex.o(i.HAL_FLASHEx_Erase_IT) refers to stm32f1xx_hal_flash.o(.bss) for pFlash
    stm32f1xx_hal_flash_ex.o(i.HAL_FLASHEx_OBErase) refers to stm32f1xx_hal_flash_ex.o(i.FLASH_OB_GetRDP) for FLASH_OB_GetRDP
    stm32f1xx_hal_flash_ex.o(i.HAL_FLASHEx_OBErase) refers to stm32f1xx_hal_flash.o(i.FLASH_WaitForLastOperation) for FLASH_WaitForLastOperation
    stm32f1xx_hal_flash_ex.o(i.HAL_FLASHEx_OBErase) refers to stm32f1xx_hal_flash_ex.o(i.FLASH_OB_RDP_LevelConfig) for FLASH_OB_RDP_LevelConfig
    stm32f1xx_hal_flash_ex.o(i.HAL_FLASHEx_OBErase) refers to stm32f1xx_hal_flash.o(.bss) for pFlash
    stm32f1xx_hal_flash_ex.o(i.HAL_FLASHEx_OBGetConfig) refers to stm32f1xx_hal_flash_ex.o(i.FLASH_OB_GetRDP) for FLASH_OB_GetRDP
    stm32f1xx_hal_flash_ex.o(i.HAL_FLASHEx_OBProgram) refers to stm32f1xx_hal_flash_ex.o(i.FLASH_OB_DisableWRP) for FLASH_OB_DisableWRP
[...]

Image Symbol Table

    Local Symbols

    Symbol Name                              Value     Ov Type        Size  Object(Section)

    ../Drivers/STM32F1xx_HAL_Driver/Src/stm32f1xx_hal.c 0x00000000   Number         0  stm32f1xx_hal.o ABSOLUTE
    ../Drivers/STM32F1xx_HAL_Driver/Src/stm32f1xx_hal_adc.c 0x00000000   Number         0  stm32f1xx_hal_adc.o ABSOLUTE
    ../Drivers/STM32F1xx_HAL_Driver/Src/stm32f1xx_hal_adc_ex.c 0x00000000   Number         0  stm32f1xx_hal_adc_ex.o ABSOLUTE
    ../Drivers/STM32F1xx_HAL_Driver/Src/stm32f1xx_hal_can.c 0x00000000   Number         0  stm32f1xx_hal_can.o ABSOLUTE
    ../Drivers/STM32F1xx_HAL_Driver/Src/stm32f1xx_hal_cortex.c 0x00000000   Number         0  stm32f1xx_hal_cortex.o ABSOLUTE
    ../Drivers/STM32F1xx_HAL_Driver/Src/stm32f1xx_hal_crc.c 0x00000000   Number         0  stm32f1xx_hal_crc.o ABSOLUTE
    ../Drivers/STM32F1xx_HAL_Driver/Src/stm32f1xx_hal_dma.c 0x00000000   Number         0  stm32f1xx_hal_dma.o ABSOLUTE
    ../Drivers/STM32F1xx_HAL_Driver/Src/stm32f1xx_hal_flash.c 0x00000000   Number         0  stm32f1xx_hal_flash.o ABSOLUTE
    ../Drivers/STM32F1xx_HAL_Driver/Src/stm32f1xx_hal_flash_ex.c 0x00000000   Number         0  stm32f1xx_hal_flash_ex.o ABSOLUTE
    ../Drivers/STM32F1xx_HAL_Driver/Src/stm32f1xx_hal_gpio.c 0x00000000   Number         0  stm32f1xx_hal_gpio.o ABSOLUTE
    ../Drivers/STM32F1xx_HAL_Driver/Src/stm32f1xx_hal_gpio_ex.c 0x00000000   Number         0  stm32f1xx_hal_gpio_ex.o ABSOLUTE
    ../Drivers/STM32F1xx_HAL_Driver/Src/stm32f1xx_hal_pwr.c 0x00000000   Number         0  stm32f1xx_hal_pwr.o ABSOLUTE
    ../Drivers/STM32F1xx_HAL_Driver/Src/stm32f1xx_hal_rcc.c 0x00000000   Number         0  stm32f1xx_hal_rcc.o ABSOLUTE
    ../Drivers/STM32F1xx_HAL_Driver/Src/stm32f1xx_hal_rcc_ex.c 0x00000000   Number         0  stm32f1xx_hal_rcc_ex.o ABSOLUTE
    ../Drivers/STM32F1xx_HAL_Driver/Src/stm32f1xx_hal_spi.c 0x00000000   Number         0  stm32f1xx_hal_spi.o ABSOLUTE
    ../Drivers/STM32F1xx_HAL_Driver/Src/stm32f1xx_hal_spi_ex.c 0x00000000   Number         0  stm32f1xx_hal_spi_ex.o ABSOLUTE
    ../Drivers/STM32F1xx_HAL_Driver/Src/stm32f1xx_hal_tim.c 0x00000000   Number         0  stm32f1xx_hal_tim.o ABSOLUTE
    ../Drivers/STM32F1xx_HAL_Driver/Src/stm32f1xx_hal_tim_ex.c 0x00000000   Number         0  stm32f1xx_hal_tim_ex.o ABSOLUTE
    ../Drivers/STM32F1xx_HAL_Driver/Src/stm32f1xx_hal_uart.c 0x00000000   Number         0  stm32f1xx_hal_uart.o ABSOLUTE
    ../Middlewares/Third_Party/FreeRTOS/Source/CMSIS_RTOS/cmsis_os.c 0x00000000   Number         0  cmsis_os.o ABSOLUTE
    ../Middlewares/Third_Party/FreeRTOS/Source/croutine.c 0x00000000   Number         0  croutine.o ABSOLUTE
    ../Middlewares/Third_Party/FreeRTOS/Source/event_groups.c 0x00000000   Number         0  event_groups.o ABSOLUTE
    ../Middlewares/Third_Party/FreeRTOS/Source/list.c 0x00000000   Number         0  list.o ABSOLUTE
    ../Middlewares/Third_Party/FreeRTOS/Source/portable/MemMang/heap_4.c 0x00000000   Number         0  heap_4.o ABSOLUTE
    ../Middlewares/Third_Party/FreeRTOS/Source/portable/RVDS/ARM_CM3/port.c 0x00000000   Number         0  port.o ABSOLUTE
    ../Middlewares/Third_Party/FreeRTOS/Source/queue.c 0x00000000   Number         0  queue.o ABSOLUTE
    ../Middlewares/Third_Party/FreeRTOS/Source/tasks.c 0x00000000   Number         0  tasks.o ABSOLUTE
    ../Middlewares/Third_Party/FreeRTOS/Source/timers.c 0x00000000   Number         0  timers.o ABSOLUTE
    ../Src/adc.c                             0x00000000   Number         0  adc.o ABSOLUTE
    ../Src/can.c                             0x00000000   Number         0  can.o ABSOLUTE
    ../Src/crc.c                             0x00000000   Number         0  crc.o ABSOLUTE
    ../Src/dma.c                             0x00000000   Number         0  dma.o ABSOLUTE
    ../Src/freertos.c                        0x00000000   Number         0  freertos.o ABSOLUTE
    ../Src/gpio.c                            0x00000000   Number         0  gpio.o ABSOLUTE
    ../Src/main.c                            0x00000000   Number         0  main.o ABSOLUTE
    ../Src/spi.c                             0x00000000   Number         0  spi.o ABSOLUTE
    ../Src/stm32f1xx_hal_msp.c               0x00000000   Number         0  stm32f1xx_hal_msp.o ABSOLUTE
    ../Src/stm32f1xx_hal_timebase_TIM.c      0x00000000   Number         0  stm32f1xx_hal_timebase_tim.o ABSOLUTE
    ../Src/stm32f1xx_it.c                    0x00000000   Number         0  stm32f1xx_it.o ABSOLUTE
    ../Src/system_stm32f1xx.c                0x00000000   Number         0  system_stm32f1xx.o ABSOLUTE
    ../Src/tim.c                             0x00000000   Number         0  tim.o ABSOLUTE
    ../Src/usart.c                           0x00000000   Number         0  usart.o ABSOLUTE
    ../clib/microlib/init/entry.s            0x00000000   Number         0  entry10a.o ABSOLUTE
    ../clib/microlib/init/entry.s            0x00000000   Number         0  entry10b.o ABSOLUTE
    ../clib/microlib/init/entry.s            0x00000000   Number         0  entry2.o ABSOLUTE
    ../clib/microlib/init/entry.s            0x00000000   Number         0  entry.o ABSOLUTE
    ../clib/microlib/init/entry.s            0x00000000   Number         0  entry11b.o ABSOLUTE
    ../clib/microlib/init/entry.s            0x00000000   Number         0  entry7b.o ABSOLUTE
    ../clib/microlib/init/entry.s            0x00000000   Number         0  entry11a.o ABSOLUTE
    ../clib/microlib/init/entry.s            0x00000000   Number         0  entry7a.o ABSOLUTE
    ../clib/microlib/init/entry.s            0x00000000   Number         0  entry9b.o ABSOLUTE
    ../clib/microlib/init/entry.s            0x00000000   Number         0  entry9a.o ABSOLUTE
    ../clib/microlib/init/entry.s            0x00000000   Number         0  entry8b.o ABSOLUTE
    ../clib/microlib/init/entry.s            0x00000000   Number         0  entry8a.o ABSOLUTE
    ../clib/microlib/init/entry.s            0x00000000   Number         0  entry5.o ABSOLUTE
    ../clib/microlib/longlong.c              0x00000000   Number         0  llushr.o ABSOLUTE
    ../clib/microlib/string/memcpy.c         0x00000000   Number         0  memcpyb.o ABSOLUTE
    ../clib/microlib/string/memcpy.c         0x00000000   Number         0  memcpya.o ABSOLUTE
    ..\Drivers\STM32F1xx_HAL_Driver\Src\stm32f1xx_hal.c 0x00000000   Number         0  stm32f1xx_hal.o ABSOLUTE
    ..\Drivers\STM32F1xx_HAL_Driver\Src\stm32f1xx_hal_adc.c 0x00000000   Number         0  stm32f1xx_hal_adc.o ABSOLUTE
    ..\Drivers\STM32F1xx_HAL_Driver\Src\stm32f1xx_hal_adc_ex.c 0x00000000   Number         0  stm32f1xx_hal_adc_ex.o ABSOLUTE
    ..\Drivers\STM32F1xx_HAL_Driver\Src\stm32f1xx_hal_can.c 0x00000000   Number         0  stm32f1xx_hal_can.o ABSOLUTE
    ..\Drivers\STM32F1xx_HAL_Driver\Src\stm32f1xx_hal_cortex.c 0x00000000   Number         0  stm32f1xx_hal_cortex.o ABSOLUTE
    ..\Drivers\STM32F1xx_HAL_Driver\Src\stm32f1xx_hal_crc.c 0x00000000   Number         0  stm32f1xx_hal_crc.o ABSOLUTE
    ..\Drivers\STM32F1xx_HAL_Driver\Src\stm32f1xx_hal_dma.c 0x00000000   Number         0  stm32f1xx_hal_dma.o ABSOLUTE
    ..\Drivers\STM32F1xx_HAL_Driver\Src\stm32f1xx_hal_flash.c 0x00000000   Number         0  stm32f1xx_hal_flash.o ABSOLUTE
    ..\Drivers\STM32F1xx_HAL_Driver\Src\stm32f1xx_hal_flash_ex.c 0x00000000   Number         0  stm32f1xx_hal_flash_ex.o ABSOLUTE
    ..\Drivers\STM32F1xx_HAL_Driver\Src\stm32f1xx_hal_gpio.c 0x00000000   Number         0  stm32f1xx_hal_gpio.o ABSOLUTE
    ..\Drivers\STM32F1xx_HAL_Driver\Src\stm32f1xx_hal_gpio_ex.c 0x00000000   Number         0  stm32f1xx_hal_gpio_ex.o ABSOLUTE
    ..\Drivers\STM32F1xx_HAL_Driver\Src\stm32f1xx_hal_pwr.c 0x00000000   Number         0  stm32f1xx_hal_pwr.o ABSOLUTE
    ..\Drivers\STM32F1xx_HAL_Driver\Src\stm32f1xx_hal_rcc.c 0x00000000   Number         0  stm32f1xx_hal_rcc.o ABSOLUTE
    ..\Drivers\STM32F1xx_HAL_Driver\Src\stm32f1xx_hal_rcc_ex.c 0x00000000   Number         0  stm32f1xx_hal_rcc_ex.o ABSOLUTE
    ..\Drivers\STM32F1xx_HAL_Driver\Src\stm32f1xx_hal_spi.c 0x00000000   Number         0  stm32f1xx_hal_spi.o ABSOLUTE
    ..\Drivers\STM32F1xx_HAL_Driver\Src\stm32f1xx_hal_spi_ex.c 0x00000000   Number         0  stm32f1xx_hal_spi_ex.o ABSOLUTE
    ..\Drivers\STM32F1xx_HAL_Driver\Src\stm32f1xx_hal_tim.c 0x00000000   Number         0  stm32f1xx_hal_tim.o ABSOLUTE
    ..\Drivers\STM32F1xx_HAL_Driver\Src\stm32f1xx_hal_tim_ex.c 0x00000000   Number         0  stm32f1xx_hal_tim_ex.o ABSOLUTE
    ..\Drivers\STM32F1xx_HAL_Driver\Src\stm32f1xx_hal_uart.c 0x00000000   Number         0  stm32f1xx_hal_uart.o ABSOLUTE
    ..\Middlewares\Third_Party\FreeRTOS\Source\CMSIS_RTOS\cmsis_os.c 0x00000000   Number         0  cmsis_os.o ABSOLUTE
    ..\Middlewares\Third_Party\FreeRTOS\Source\portable\RVDS\ARM_CM3\port.c 0x00000000   Number         0  port.o ABSOLUTE
    ..\Src\adc.c                             0x00000000   Number         0  adc.o ABSOLUTE
    ..\Src\can.c                             0x00000000   Number         0  can.o ABSOLUTE
    ..\Src\crc.c                             0x00000000   Number         0  crc.o ABSOLUTE
    ..\Src\dma.c                             0x00000000   Number         0  dma.o ABSOLUTE
    ..\Src\gpio.c                            0x00000000   Number         0  gpio.o ABSOLUTE
    ..\Src\main.c                            0x00000000   Number         0  main.o ABSOLUTE
    ..\Src\spi.c                             0x00000000   Number         0  spi.o ABSOLUTE
    ..\Src\stm32f1xx_hal_msp.c               0x00000000   Number         0  stm32f1xx_hal_msp.o ABSOLUTE
    ..\Src\stm32f1xx_hal_timebase_TIM.c      0x00000000   Number         0  stm32f1xx_hal_timebase_tim.o ABSOLUTE
    ..\Src\stm32f1xx_it.c                    0x00000000   Number         0  stm32f1xx_it.o ABSOLUTE
    ..\Src\system_stm32f1xx.c                0x00000000   Number         0  system_stm32f1xx.o ABSOLUTE
    ..\Src\tim.c                             0x00000000   Number         0  tim.o ABSOLUTE
    ..\Src\usart.c                           0x00000000   Number         0  usart.o ABSOLUTE
    dc.s                                     0x00000000   Number         0  dc.o ABSOLUTE
    handlers.s                               0x00000000   Number         0  handlers.o ABSOLUTE
    init.s                                   0x00000000   Number         0  init.o ABSOLUTE
    startup_stm32f103xb.s                    0x00000000   Number         0  startup_stm32f103xb.o ABSOLUTE
    RESET                                    0x08000000   Section      236  startup_stm32f103xb.o(RESET)
    .ARM.Collect$$$$00000000                 0x080000ec   Section        0  entry.o(.ARM.Collect$$$$00000000)
    .ARM.Collect$$$$00000001                 0x080000ec   Section        4  entry2.o(.ARM.Collect$$$$00000001)
    .ARM.Collect$$$$00000004                 0x080000f0   Section        4  entry5.o(.ARM.Collect$$$$00000004)
    .ARM.Collect$$$$00000008                 0x080000f4   Section        0  entry7b.o(.ARM.Collect$$$$00000008)
    .ARM.Collect$$$$0000000A                 0x080000f4   Section        0  entry8b.o(.ARM.Collect$$$$0000000A)
    .ARM.Collect$$$$0000000B                 0x080000f4   Section        8  entry9a.o(.ARM.Collect$$$$0000000B)
    .ARM.Collect$$$$0000000D                 0x080000fc   Section        0  entry10a.o(.ARM.Collect$$$$0000000D)
    .ARM.Collect$$$$0000000F                 0x080000fc   Section        0  entry11a.o(.ARM.Collect$$$$0000000F)
    .ARM.Collect$$$$00002712                 0x080000fc   Section        4  entry2.o(.ARM.Collect$$$$00002712)
    __lit__00000000                          0x080000fc   Data           4  entry2.o(.ARM.Collect$$$$00002712)
    .emb_text                                0x08000100   Section      150  port.o(.emb_text)
    .text                                    0x08000198   Section       36  startup_stm32f103xb.o(.text)
    .text                                    0x080001bc   Section        0  memcpya.o(.text)
    .text                                    0x080001e0   Section       36  init.o(.text)
    i.ADC_ConversionStop_Disable             0x08000204   Section        0  stm32f1xx_hal_adc.o(i.ADC_ConversionStop_Disable)
    i.BusFault_Handler                       0x08000250   Section        0  stm32f1xx_it.o(i.BusFault_Handler)
    i.CAN1_RX1_IRQHandler                    0x08000254   Section        0  stm32f1xx_it.o(i.CAN1_RX1_IRQHandler)
    i.CAN_Receive_IT                         0x08000260   Section        0  stm32f1xx_hal_can.o(i.CAN_Receive_IT)
    CAN_Receive_IT                           0x08000261   Thumb Code   294  stm32f1xx_hal_can.o(i.CAN_Receive_IT)
    i.DMA1_Channel3_IRQHandler               0x08000388   Section        0  stm32f1xx_it.o(i.DMA1_Channel3_IRQHandler)
    i.DMA1_Channel4_IRQHandler               0x08000394   Section        0  stm32f1xx_it.o(i.DMA1_Channel4_IRQHandler)
    i.DebugMon_Handler                       0x080003a0   Section        0  stm32f1xx_it.o(i.DebugMon_Handler)
    i.HAL_ADC_ConfigChannel                  0x080003a4   Section        0  stm32f1xx_hal_adc.o(i.HAL_ADC_ConfigChannel)
    i.HAL_ADC_Init                           0x080004a0   Section        0  stm32f1xx_hal_adc.o(i.HAL_ADC_Init)
    i.HAL_ADC_MspInit                        0x080005bc   Section        0  adc.o(i.HAL_ADC_MspInit)
    i.HAL_CAN_ErrorCallback                  0x080005f8   Section        0  stm32f1xx_hal_can.o(i.HAL_CAN_ErrorCallback)
    i.HAL_CAN_IRQHandler                     0x080005fc   Section        0  stm32f1xx_hal_can.o(i.HAL_CAN_IRQHandler)
    i.HAL_CAN_Init                           0x08000830   Section        0  stm32f1xx_hal_can.o(i.HAL_CAN_Init)
    i.HAL_CAN_MspInit                        0x0800095c   Section        0  can.o(i.HAL_CAN_MspInit)
    i.HAL_CAN_RxCpltCallback                 0x080009d4   Section        0  stm32f1xx_hal_can.o(i.HAL_CAN_RxCpltCallback)
    i.HAL_CAN_TxCpltCallback                 0x080009d6   Section        0  stm32f1xx_hal_can.o(i.HAL_CAN_TxCpltCallback)
    i.HAL_CRC_Init                           0x080009d8   Section        0  stm32f1xx_hal_crc.o(i.HAL_CRC_Init)
    i.HAL_CRC_MspInit                        0x080009fc   Section        0  crc.o(i.HAL_CRC_MspInit)
    i.HAL_DMA_Abort_IT                       0x08000a24   Section        0  stm32f1xx_hal_dma.o(i.HAL_DMA_Abort_IT)
    i.HAL_DMA_IRQHandler                     0x08000abc   Section        0  stm32f1xx_hal_dma.o(i.HAL_DMA_IRQHandler)
    i.HAL_DMA_Init                           0x08000c10   Section        0  stm32f1xx_hal_dma.o(i.HAL_DMA_Init)
    i.HAL_GPIO_Init                          0x08000c74   Section        0  stm32f1xx_hal_gpio.o(i.HAL_GPIO_Init)
    i.HAL_GPIO_WritePin                      0x08000e30   Section        0  stm32f1xx_hal_gpio.o(i.HAL_GPIO_WritePin)
    i.HAL_GetTick                            0x08000e3c   Section        0  stm32f1xx_hal.o(i.HAL_GetTick)
    i.HAL_IncTick                            0x08000e48   Section        0  stm32f1xx_hal.o(i.HAL_IncTick)
    i.HAL_Init                               0x08000e58   Section        0  stm32f1xx_hal.o(i.HAL_Init)
    i.HAL_InitTick                           0x08000e7c   Section        0  stm32f1xx_hal_timebase_tim.o(i.HAL_InitTick)
    i.HAL_MspInit                            0x08000ef0   Section        0  stm32f1xx_hal_msp.o(i.HAL_MspInit)
    i.HAL_NVIC_EnableIRQ                     0x08000f74   Section        0  stm32f1xx_hal_cortex.o(i.HAL_NVIC_EnableIRQ)
    i.HAL_NVIC_SetPriority                   0x08000f8c   Section        0  stm32f1xx_hal_cortex.o(i.HAL_NVIC_SetPriority)
    i.HAL_NVIC_SetPriorityGrouping           0x08000fcc   Section        0  stm32f1xx_hal_cortex.o(i.HAL_NVIC_SetPriorityGrouping)
    i.HAL_RCCEx_PeriphCLKConfig              0x08000ff0   Section        0  stm32f1xx_hal_rcc_ex.o(i.HAL_RCCEx_PeriphCLKConfig)
    i.HAL_RCC_ClockConfig                    0x080010dc   Section        0  stm32f1xx_hal_rcc.o(i.HAL_RCC_ClockConfig)
    i.HAL_RCC_GetClockConfig                 0x08001230   Section        0  stm32f1xx_hal_rcc.o(i.HAL_RCC_GetClockConfig)
    i.HAL_RCC_GetHCLKFreq                    0x08001270   Section        0  stm32f1xx_hal_rcc.o(i.HAL_RCC_GetHCLKFreq)
    i.HAL_RCC_GetPCLK1Freq                   0x0800127c   Section        0  stm32f1xx_hal_rcc.o(i.HAL_RCC_GetPCLK1Freq)
    i.HAL_RCC_GetPCLK2Freq                   0x0800129c   Section        0  stm32f1xx_hal_rcc.o(i.HAL_RCC_GetPCLK2Freq)
    i.HAL_RCC_GetSysClockFreq                0x080012bc   Section        0  stm32f1xx_hal_rcc.o(i.HAL_RCC_GetSysClockFreq)
    i.HAL_RCC_OscConfig                      0x08001328   Section        0  stm32f1xx_hal_rcc.o(i.HAL_RCC_OscConfig)
    i.HAL_SPI_Init                           0x0800162c   Section        0  stm32f1xx_hal_spi_ex.o(i.HAL_SPI_Init)
    i.HAL_SPI_MspInit                        0x080016b0   Section        0  spi.o(i.HAL_SPI_MspInit)
    i.HAL_SYSTICK_CLKSourceConfig            0x08001794   Section        0  stm32f1xx_hal_cortex.o(i.HAL_SYSTICK_CLKSourceConfig)
    i.HAL_SYSTICK_Config                     0x080017ac   Section        0  stm32f1xx_hal_cortex.o(i.HAL_SYSTICK_Config)
    i.HAL_TIMEx_BreakCallback                0x080017d4   Section        0  stm32f1xx_hal_tim_ex.o(i.HAL_TIMEx_BreakCallback)
    i.HAL_TIMEx_CommutationCallback          0x080017d6   Section        0  stm32f1xx_hal_tim_ex.o(i.HAL_TIMEx_CommutationCallback)
    i.HAL_TIMEx_MasterConfigSynchronization  0x080017d8   Section        0  stm32f1xx_hal_tim_ex.o(i.HAL_TIMEx_MasterConfigSynchronization)
    i.HAL_TIM_Base_Init                      0x08001828   Section        0  stm32f1xx_hal_tim.o(i.HAL_TIM_Base_Init)
    i.HAL_TIM_Base_MspInit                   0x08001860   Section        0  tim.o(i.HAL_TIM_Base_MspInit)
    i.HAL_TIM_Base_Start_IT                  0x080018c0   Section        0  stm32f1xx_hal_tim.o(i.HAL_TIM_Base_Start_IT)
    i.HAL_TIM_ConfigClockSource              0x080018d8   Section        0  stm32f1xx_hal_tim.o(i.HAL_TIM_ConfigClockSource)
    i.HAL_TIM_IC_CaptureCallback             0x080019ca   Section        0  stm32f1xx_hal_tim.o(i.HAL_TIM_IC_CaptureCallback)
    i.HAL_TIM_IRQHandler                     0x080019cc   Section        0  stm32f1xx_hal_tim.o(i.HAL_TIM_IRQHandler)
    i.HAL_TIM_OC_DelayElapsedCallback        0x08001b32   Section        0  stm32f1xx_hal_tim.o(i.HAL_TIM_OC_DelayElapsedCallback)
    i.HAL_TIM_PWM_PulseFinishedCallback      0x08001b34   Section        0  stm32f1xx_hal_tim.o(i.HAL_TIM_PWM_PulseFinishedCallback)
    i.HAL_TIM_PeriodElapsedCallback          0x08001b38   Section        0  main.o(i.HAL_TIM_PeriodElapsedCallback)
    i.HAL_TIM_TriggerCallback                0x08001b4c   Section        0  stm32f1xx_hal_tim.o(i.HAL_TIM_TriggerCallback)
    i.HAL_UART_ErrorCallback                 0x08001b4e   Section        0  stm32f1xx_hal_uart.o(i.HAL_UART_ErrorCallback)
    i.HAL_UART_IRQHandler                    0x08001b50   Section        0  stm32f1xx_hal_uart.o(i.HAL_UART_IRQHandler)
    i.HAL_UART_Init                          0x08001c60   Section        0  stm32f1xx_hal_uart.o(i.HAL_UART_Init)
    i.HAL_UART_MspInit                       0x08001cc4   Section        0  usart.o(i.HAL_UART_MspInit)
    i.HAL_UART_RxCpltCallback                0x08001d74   Section        0  stm32f1xx_hal_uart.o(i.HAL_UART_RxCpltCallback)
    i.HAL_UART_TxCpltCallback                0x08001d76   Section        0  stm32f1xx_hal_uart.o(i.HAL_UART_TxCpltCallback)
    i.HardFault_Handler                      0x08001d78   Section        0  stm32f1xx_it.o(i.HardFault_Handler)
    i.MX_ADC1_Init                           0x08001d7c   Section        0  adc.o(i.MX_ADC1_Init)
    i.MX_CAN_Init                            0x08001ddc   Section        0  can.o(i.MX_CAN_Init)
    i.MX_CRC_Init                            0x08001e2c   Section        0  crc.o(i.MX_CRC_Init)
    i.MX_DMA_Init                            0x08001e64   Section        0  dma.o(i.MX_DMA_Init)
    i.MX_FREERTOS_Init                       0x08001ea0   Section        0  freertos.o(i.MX_FREERTOS_Init)
    i.MX_GPIO_Init                           0x08001ec8   Section        0  gpio.o(i.MX_GPIO_Init)
    i.MX_SPI1_Init                           0x08001f6c   Section        0  spi.o(i.MX_SPI1_Init)
    i.MX_SPI2_Init                           0x08001fc8   Section        0  spi.o(i.MX_SPI2_Init)
    i.MX_TIM1_Init                           0x08002020   Section        0  tim.o(i.MX_TIM1_Init)
    i.MX_TIM2_Init                           0x08002094   Section        0  tim.o(i.MX_TIM2_Init)
    i.MX_USART1_UART_Init                    0x08002104   Section        0  usart.o(i.MX_USART1_UART_Init)
    i.MemManage_Handler                      0x08002150   Section        0  stm32f1xx_it.o(i.MemManage_Handler)
    i.NMI_Handler                            0x08002152   Section        0  stm32f1xx_it.o(i.NMI_Handler)
    i.NVIC_SetPriority                       0x08002154   Section        0  stm32f1xx_hal_cortex.o(i.NVIC_SetPriority)
    NVIC_SetPriority                         0x08002155   Thumb Code    32  stm32f1xx_hal_cortex.o(i.NVIC_SetPriority)
    i.StartDefaultTask                       0x08002174   Section        0  freertos.o(i.StartDefaultTask)
    i.SysTick_Handler                        0x0800217c   Section        0  stm32f1xx_it.o(i.SysTick_Handler)
    i.SystemClock_Config                     0x08002180   Section        0  main.o(i.SystemClock_Config)
    i.SystemInit                             0x080021fc   Section        0  system_stm32f1xx.o(i.SystemInit)
    i.TIM1_UP_IRQHandler                     0x08002244   Section        0  stm32f1xx_it.o(i.TIM1_UP_IRQHandler)
    i.TIM2_IRQHandler                        0x08002250   Section        0  stm32f1xx_it.o(i.TIM2_IRQHandler)
    i.TIM3_IRQHandler                        0x0800225c   Section        0  stm32f1xx_it.o(i.TIM3_IRQHandler)
    i.TIM_Base_SetConfig                     0x08002268   Section        0  stm32f1xx_hal_tim.o(i.TIM_Base_SetConfig)
    i.TIM_ETR_SetConfig                      0x080022d4   Section        0  stm32f1xx_hal_tim.o(i.TIM_ETR_SetConfig)
    TIM_ETR_SetConfig                        0x080022d5   Thumb Code    20  stm32f1xx_hal_tim.o(i.TIM_ETR_SetConfig)
    i.TIM_ITRx_SetConfig                     0x080022e8   Section        0  stm32f1xx_hal_tim.o(i.TIM_ITRx_SetConfig)
    TIM_ITRx_SetConfig                       0x080022e9   Thumb Code    16  stm32f1xx_hal_tim.o(i.TIM_ITRx_SetConfig)
    i.TIM_TI1_ConfigInputStage               0x080022f8   Section        0  stm32f1xx_hal_tim.o(i.TIM_TI1_ConfigInputStage)
    TIM_TI1_ConfigInputStage                 0x080022f9   Thumb Code    34  stm32f1xx_hal_tim.o(i.TIM_TI1_ConfigInputStage)
    i.TIM_TI2_ConfigInputStage               0x0800231a   Section        0  stm32f1xx_hal_tim.o(i.TIM_TI2_ConfigInputStage)
    TIM_TI2_ConfigInputStage                 0x0800231b   Thumb Code    36  stm32f1xx_hal_tim.o(i.TIM_TI2_ConfigInputStage)
    i.UART_DMAAbortOnError                   0x0800233e   Section        0  stm32f1xx_hal_uart.o(i.UART_DMAAbortOnError)
    UART_DMAAbortOnError                     0x0800233f   Thumb Code    16  stm32f1xx_hal_uart.o(i.UART_DMAAbortOnError)
    i.UART_EndRxTransfer                     0x0800234e   Section        0  stm32f1xx_hal_uart.o(i.UART_EndRxTransfer)
    UART_EndRxTransfer                       0x0800234f   Thumb Code    28  stm32f1xx_hal_uart.o(i.UART_EndRxTransfer)
    i.UART_Receive_IT                        0x0800236a   Section        0  stm32f1xx_hal_uart.o(i.UART_Receive_IT)
    UART_Receive_IT                          0x0800236b   Thumb Code   150  stm32f1xx_hal_uart.o(i.UART_Receive_IT)
    i.UART_SetConfig                         0x08002400   Section        0  stm32f1xx_hal_uart.o(i.UART_SetConfig)
    UART_SetConfig                           0x08002401   Thumb Code   364  stm32f1xx_hal_uart.o(i.UART_SetConfig)
    i.UART_Transmit_IT                       0x08002570   Section        0  stm32f1xx_hal_uart.o(i.UART_Transmit_IT)
    UART_Transmit_IT                         0x08002571   Thumb Code    98  stm32f1xx_hal_uart.o(i.UART_Transmit_IT)
    i.USART1_IRQHandler                      0x080025d4   Section        0  stm32f1xx_it.o(i.USART1_IRQHandler)
    i.USB_LP_CAN1_RX0_IRQHandler             0x080025e0   Section        0  stm32f1xx_it.o(i.USB_LP_CAN1_RX0_IRQHandler)
    i.UsageFault_Handler                     0x080025ec   Section        0  stm32f1xx_it.o(i.UsageFault_Handler)
    i._Error_Handler                         0x080025ee   Section        0  main.o(i._Error_Handler)
    i.__scatterload_copy                     0x080025f0   Section       14  handlers.o(i.__scatterload_copy)
    i.__scatterload_null                     0x080025fe   Section        2  handlers.o(i.__scatterload_null)
    i.__scatterload_zeroinit                 0x08002600   Section       14  handlers.o(i.__scatterload_zeroinit)
    i.main                                   0x0800260e   Section        0  main.o(i.main)
    i.makeFreeRtosPriority                   0x08002648   Section        0  cmsis_os.o(i.makeFreeRtosPriority)
    makeFreeRtosPriority                     0x08002649   Thumb Code    12  cmsis_os.o(i.makeFreeRtosPriority)
    i.osDelay                                0x08002654   Section        0  cmsis_os.o(i.osDelay)
    i.osKernelStart                          0x08002662   Section        0  cmsis_os.o(i.osKernelStart)
    i.osSystickHandler                       0x0800266c   Section        0  cmsis_os.o(i.osSystickHandler)
    i.osThreadCreate                         0x08002680   Section        0  cmsis_os.o(i.osThreadCreate)
    i.prvAddCurrentTaskToDelayedList         0x080026b0   Section        0  tasks.o(i.prvAddCurrentTaskToDelayedList)
    prvAddCurrentTaskToDelayedList           0x080026b1   Thumb Code   102  tasks.o(i.prvAddCurrentTaskToDelayedList)
    i.prvAddNewTaskToReadyList               0x08002720   Section        0  tasks.o(i.prvAddNewTaskToReadyList)
    prvAddNewTaskToReadyList                 0x08002721   Thumb Code   194  tasks.o(i.prvAddNewTaskToReadyList)
    i.prvCheckForValidListAndQueue           0x080027f0   Section        0  timers.o(i.prvCheckForValidListAndQueue)
    prvCheckForValidListAndQueue             0x080027f1   Thumb Code    62  timers.o(i.prvCheckForValidListAndQueue)
    i.prvCheckTasksWaitingTermination        0x08002840   Section        0  tasks.o(i.prvCheckTasksWaitingTermination)
    prvCheckTasksWaitingTermination          0x08002841   Thumb Code    70  tasks.o(i.prvCheckTasksWaitingTermination)
    i.prvCopyDataFromQueue                   0x08002890   Section        0  queue.o(i.prvCopyDataFromQueue)
    prvCopyDataFromQueue                     0x08002891   Thumb Code    38  queue.o(i.prvCopyDataFromQueue)
    i.prvCopyDataToQueue                     0x080028b6   Section        0  queue.o(i.prvCopyDataToQueue)
    prvCopyDataToQueue                       0x080028b7   Thumb Code   108  queue.o(i.prvCopyDataToQueue)
    i.prvDeleteTCB                           0x08002922   Section        0  tasks.o(i.prvDeleteTCB)
    prvDeleteTCB                             0x08002923   Thumb Code    20  tasks.o(i.prvDeleteTCB)
    i.prvHeapInit                            0x08002938   Section        0  heap_4.o(i.prvHeapInit)
    prvHeapInit                              0x08002939   Thumb Code    66  heap_4.o(i.prvHeapInit)
    i.prvIdleTask                            0x08002984   Section        0  tasks.o(i.prvIdleTask)
    prvIdleTask                              0x08002985   Thumb Code    34  tasks.o(i.prvIdleTask)
    i.prvInitialiseNewTask                   0x080029b0   Section        0  tasks.o(i.prvInitialiseNewTask)
    prvInitialiseNewTask                     0x080029b1   Thumb Code   142  tasks.o(i.prvInitialiseNewTask)
    i.prvInsertBlockIntoFreeList             0x08002a40   Section        0  heap_4.o(i.prvInsertBlockIntoFreeList)
    prvInsertBlockIntoFreeList               0x08002a41   Thumb Code    72  heap_4.o(i.prvInsertBlockIntoFreeList)
    i.prvInsertTimerInActiveList             0x08002a8c   Section        0  timers.o(i.prvInsertTimerInActiveList)
    prvInsertTimerInActiveList               0x08002a8d   Thumb Code    52  timers.o(i.prvInsertTimerInActiveList)
    i.prvIsQueueEmpty                        0x08002ac4   Section        0  queue.o(i.prvIsQueueEmpty)
    prvIsQueueEmpty                          0x08002ac5   Thumb Code    28  queue.o(i.prvIsQueueEmpty)
    i.prvProcessReceivedCommands             0x08002ae0   Section        0  timers.o(i.prvProcessReceivedCommands)
    prvProcessReceivedCommands               0x08002ae1   Thumb Code   180  timers.o(i.prvProcessReceivedCommands)
    i.prvProcessTimerOrBlockTask             0x08002b98   Section        0  timers.o(i.prvProcessTimerOrBlockTask)
    prvProcessTimerOrBlockTask               0x08002b99   Thumb Code   172  timers.o(i.prvProcessTimerOrBlockTask)
    i.prvResetNextTaskUnblockTime            0x08002c4c   Section        0  tasks.o(i.prvResetNextTaskUnblockTime)
    prvResetNextTaskUnblockTime              0x08002c4d   Thumb Code    26  tasks.o(i.prvResetNextTaskUnblockTime)
    i.prvSampleTimeNow                       0x08002c6c   Section        0  timers.o(i.prvSampleTimeNow)
    prvSampleTimeNow                         0x08002c6d   Thumb Code    36  timers.o(i.prvSampleTimeNow)
    i.prvSwitchTimerLists                    0x08002c94   Section        0  timers.o(i.prvSwitchTimerLists)
    prvSwitchTimerLists                      0x08002c95   Thumb Code   102  timers.o(i.prvSwitchTimerLists)
    i.prvTaskExitError                       0x08002d00   Section        0  port.o(i.prvTaskExitError)
    prvTaskExitError                         0x08002d01   Thumb Code    36  port.o(i.prvTaskExitError)
    i.prvTimerTask                           0x08002d28   Section        0  timers.o(i.prvTimerTask)
    prvTimerTask                             0x08002d29   Thumb Code    32  timers.o(i.prvTimerTask)
    i.prvUnlockQueue                         0x08002d4c   Section        0  queue.o(i.prvUnlockQueue)
    prvUnlockQueue                           0x08002d4d   Thumb Code   106  queue.o(i.prvUnlockQueue)
    i.pvPortMalloc                           0x08002db8   Section        0  heap_4.o(i.pvPortMalloc)
    i.pvTaskIncrementMutexHeldCount          0x08002e98   Section        0  tasks.o(i.pvTaskIncrementMutexHeldCount)
    i.pxPortInitialiseStack                  0x08002eb0   Section        0  port.o(i.pxPortInitialiseStack)
    i.uxListRemove                           0x08002ed4   Section        0  list.o(i.uxListRemove)
    i.vApplicationIdleHook                   0x08002ef8   Section        0  freertos.o(i.vApplicationIdleHook)
    i.vApplicationMallocFailedHook           0x08002efa   Section        0  freertos.o(i.vApplicationMallocFailedHook)
    i.vApplicationStackOverflowHook          0x08002efc   Section        0  freertos.o(i.vApplicationStackOverflowHook)
    i.vApplicationTickHook                   0x08002efe   Section        0  freertos.o(i.vApplicationTickHook)
    i.vListInitialise                        0x08002f00   Section        0  list.o(i.vListInitialise)
    i.vListInitialiseItem                    0x08002f16   Section        0  list.o(i.vListInitialiseItem)
    i.vListInsert                            0x08002f1c   Section        0  list.o(i.vListInsert)
    i.vListInsertEnd                         0x08002f4c   Section        0  list.o(i.vListInsertEnd)
    i.vPortEnterCritical                     0x08002f64   Section        0  port.o(i.vPortEnterCritical)
    i.vPortExitCritical                      0x08002fa4   Section        0  port.o(i.vPortExitCritical)
    i.vPortFree                              0x08002fcc   Section        0  heap_4.o(i.vPortFree)
    i.vPortSetupTimerInterrupt               0x08003028   Section        0  port.o(i.vPortSetupTimerInterrupt)
    i.vPortValidateInterruptPriority         0x08003048   Section        0  port.o(i.vPortValidateInterruptPriority)
    i.vQueueAddToRegistry                    0x0800309c   Section        0  queue.o(i.vQueueAddToRegistry)
    i.vQueueWaitForMessageRestricted         0x080030c4   Section        0  queue.o(i.vQueueWaitForMessageRestricted)
    i.vTaskDelay                             0x08003108   Section        0  tasks.o(i.vTaskDelay)
    i.vTaskMissedYield                       0x08003154   Section        0  tasks.o(i.vTaskMissedYield)
    i.vTaskPlaceOnEventList                  0x08003160   Section        0  tasks.o(i.vTaskPlaceOnEventList)
    i.vTaskPlaceOnEventListRestricted        0x08003190   Section        0  tasks.o(i.vTaskPlaceOnEventListRestricted)
    i.vTaskPriorityInherit                   0x080031c8   Section        0  tasks.o(i.vTaskPriorityInherit)
    i.vTaskSetTimeOutState                   0x0800324c   Section        0  tasks.o(i.vTaskSetTimeOutState)
    i.vTaskStartScheduler                    0x08003270   Section        0  tasks.o(i.vTaskStartScheduler)
    i.vTaskSuspendAll                        0x080032e0   Section        0  tasks.o(i.vTaskSuspendAll)
    i.vTaskSwitchContext                     0x080032f0   Section        0  tasks.o(i.vTaskSwitchContext)
    i.xPortStartScheduler                    0x08003364   Section        0  port.o(i.xPortStartScheduler)
    i.xPortSysTickHandler                    0x080033d8   Section        0  port.o(i.xPortSysTickHandler)
    i.xQueueGenericCreate                    0x08003404   Section        0  queue.o(i.xQueueGenericCreate)
    i.xQueueGenericReceive                   0x0800344c   Section        0  queue.o(i.xQueueGenericReceive)
    i.xQueueGenericReset                     0x080035b8   Section        0  queue.o(i.xQueueGenericReset)
    i.xQueueGenericSend                      0x08003640   Section        0  queue.o(i.xQueueGenericSend)
    i.xQueueGenericSendFromISR               0x080037a0   Section        0  queue.o(i.xQueueGenericSendFromISR)
    i.xTaskCheckForTimeOut                   0x0800385c   Section        0  tasks.o(i.xTaskCheckForTimeOut)
    i.xTaskCreate                            0x080038c8   Section        0  tasks.o(i.xTaskCreate)
    i.xTaskGetSchedulerState                 0x08003920   Section        0  tasks.o(i.xTaskGetSchedulerState)
    i.xTaskGetTickCount                      0x0800393c   Section        0  tasks.o(i.xTaskGetTickCount)
    i.xTaskIncrementTick                     0x08003948   Section        0  tasks.o(i.xTaskIncrementTick)
    i.xTaskPriorityDisinherit                0x08003a1c   Section        0  tasks.o(i.xTaskPriorityDisinherit)
    i.xTaskRemoveFromEventList               0x08003ab4   Section        0  tasks.o(i.xTaskRemoveFromEventList)
    i.xTaskResumeAll                         0x08003b28   Section        0  tasks.o(i.xTaskResumeAll)
    i.xTimerCreateTimerTask                  0x08003bec   Section        0  timers.o(i.xTimerCreateTimerTask)
    i.xTimerGenericCommand                   0x08003c34   Section        0  timers.o(i.xTimerGenericCommand)
    .constdata                               0x08003c94   Section       16  system_stm32f1xx.o(.constdata)
    .constdata                               0x08003ca4   Section        8  system_stm32f1xx.o(.constdata)
    .constdata                               0x08003cac   Section       20  freertos.o(.constdata)
    .conststring                             0x08003cc0   Section       12  freertos.o(.conststring)
    .data                                    0x20000000   Section        4  stm32f1xx_hal.o(.data)
    .data                                    0x20000004   Section        4  system_stm32f1xx.o(.data)
    .data                                    0x20000008   Section       60  tasks.o(.data)
    uxDeletedTasksWaitingCleanUp             0x2000000c   Data           4  tasks.o(.data)
    uxCurrentNumberOfTasks                   0x20000010   Data           4  tasks.o(.data)
    xTickCount                               0x20000014   Data           4  tasks.o(.data)
    uxTopReadyPriority                       0x20000018   Data           4  tasks.o(.data)
    xSchedulerRunning                        0x2000001c   Data           4  tasks.o(.data)
    uxPendedTicks                            0x20000020   Data           4  tasks.o(.data)
    xYieldPending                            0x20000024   Data           4  tasks.o(.data)
    xNumOfOverflows                          0x20000028   Data           4  tasks.o(.data)
    uxTaskNumber                             0x2000002c   Data           4  tasks.o(.data)
    xNextTaskUnblockTime                     0x20000030   Data           4  tasks.o(.data)
    xIdleTaskHandle                          0x20000034   Data           4  tasks.o(.data)
    uxSchedulerSuspended                     0x20000038   Data           4  tasks.o(.data)
    pxDelayedTaskList                        0x2000003c   Data           4  tasks.o(.data)
    pxOverflowDelayedTaskList                0x20000040   Data           4  tasks.o(.data)
    .data                                    0x20000044   Section       24  heap_4.o(.data)
    pxEnd                                    0x20000044   Data           4  heap_4.o(.data)
    xFreeBytesRemaining                      0x20000048   Data           4  heap_4.o(.data)
    xMinimumEverFreeBytesRemaining           0x2000004c   Data           4  heap_4.o(.data)
    xBlockAllocatedBit                       0x20000050   Data           4  heap_4.o(.data)
    xStart                                   0x20000054   Data           8  heap_4.o(.data)
    .data                                    0x2000005c   Section       12  port.o(.data)
    ucMaxSysCallPriority                     0x2000005c   Data           1  port.o(.data)
    uxCriticalNesting                        0x20000060   Data           4  port.o(.data)
    ulMaxPRIGROUPValue                       0x20000064   Data           4  port.o(.data)
    .data                                    0x20000068   Section       20  timers.o(.data)
    xTimerQueue                              0x20000068   Data           4  timers.o(.data)
    xTimerTaskHandle                         0x2000006c   Data           4  timers.o(.data)
    xLastTime                                0x20000070   Data           4  timers.o(.data)
    pxCurrentTimerList                       0x20000074   Data           4  timers.o(.data)
    pxOverflowTimerList                      0x20000078   Data           4  timers.o(.data)
    .data                                    0x2000007c   Section        8  crc.o(.data)
    .data                                    0x20000084   Section        4  freertos.o(.data)
    .bss                                     0x20000088   Section      240  tasks.o(.bss)
    pxReadyTasksLists                        0x20000088   Data         140  tasks.o(.bss)
    xDelayedTaskList1                        0x20000114   Data          20  tasks.o(.bss)
    xDelayedTaskList2                        0x20000128   Data          20  tasks.o(.bss)
    xPendingReadyList                        0x2000013c   Data          20  tasks.o(.bss)
    xTasksWaitingTermination                 0x20000150   Data          20  tasks.o(.bss)
    xSuspendedTaskList                       0x20000164   Data          20  tasks.o(.bss)
    .bss                                     0x20000178   Section     3072  heap_4.o(.bss)
    ucHeap                                   0x20000178   Data        3072  heap_4.o(.bss)
    .bss                                     0x20000d78   Section       64  queue.o(.bss)
    .bss                                     0x20000db8   Section       40  timers.o(.bss)
    xActiveTimerList1                        0x20000db8   Data          20  timers.o(.bss)
    xActiveTimerList2                        0x20000dcc   Data          20  timers.o(.bss)
    .bss                                     0x20000de0   Section       48  adc.o(.bss)
    .bss                                     0x20000e10   Section      128  tim.o(.bss)
    .bss                                     0x20000e90   Section      132  usart.o(.bss)
    .bss                                     0x20000f14   Section       64  stm32f1xx_hal_timebase_tim.o(.bss)
    .bss                                     0x20000f54   Section      244  spi.o(.bss)
    .bss                                     0x20001048   Section       68  can.o(.bss)
    STACK                                    0x20001090   Section     1024  startup_stm32f103xb.o(STACK)

    Global Symbols

    Symbol Name                              Value     Ov Type        Size  Object(Section)

    BuildAttributes$$THM_ISAv4$P$D$K$B$S$PE$A:L22UL41UL21$X:L11$S22US41US21$IEEE1$IW$USESV6$~STKCKD$USESV7$~SHL$OSPACE$EBA8$MICROLIB$REQ8$PRES8$EABIv2 0x00000000   Number         0  anon$$obj.o ABSOLUTE
    __ARM_use_no_argv                        0x00000000   Number         0  main.o ABSOLUTE
    __cpp_initialize__aeabi_                  - Undefined Weak Reference
    __cxa_finalize                            - Undefined Weak Reference
    __decompress                              - Undefined Weak Reference
    _clock_init                               - Undefined Weak Reference
    _microlib_exit                            - Undefined Weak Reference
    __Vectors_Size                           0x000000ec   Number         0  startup_stm32f103xb.o ABSOLUTE
    __Vectors                                0x08000000   Data           4  startup_stm32f103xb.o(RESET)
    __Vectors_End                            0x080000ec   Data           0  startup_stm32f103xb.o(RESET)
    __main                                   0x080000ed   Thumb Code     0  entry.o(.ARM.Collect$$$$00000000)
    _main_stk                                0x080000ed   Thumb Code     0  entry2.o(.ARM.Collect$$$$00000001)
    _main_scatterload                        0x080000f1   Thumb Code     0  entry5.o(.ARM.Collect$$$$00000004)
    __main_after_scatterload                 0x080000f5   Thumb Code     0  entry5.o(.ARM.Collect$$$$00000004)
    _main_clock                              0x080000f5   Thumb Code     0  entry7b.o(.ARM.Collect$$$$00000008)
    _main_cpp_init                           0x080000f5   Thumb Code     0  entry8b.o(.ARM.Collect$$$$0000000A)
    _main_init                               0x080000f5   Thumb Code     0  entry9a.o(.ARM.Collect$$$$0000000B)
    __rt_final_cpp                           0x080000fd   Thumb Code     0  entry10a.o(.ARM.Collect$$$$0000000D)
    __rt_final_exit                          0x080000fd   Thumb Code     0  entry11a.o(.ARM.Collect$$$$0000000F)
    SVC_Handler                              0x08000101   Thumb Code    32  port.o(.emb_text)
    __asm___6_port_c_39a90d8d__prvStartFirstTask 0x08000125   Thumb Code    28  port.o(.emb_text)
    PendSV_Handler                           0x08000145   Thumb Code    72  port.o(.emb_text)
    vPortGetIPSR                             0x08000191   Thumb Code     6  port.o(.emb_text)
    Reset_Handler                            0x08000199   Thumb Code     8  startup_stm32f103xb.o(.text)
    ADC1_2_IRQHandler                        0x080001b3   Thumb Code     0  startup_stm32f103xb.o(.text)
    CAN1_SCE_IRQHandler                      0x080001b3   Thumb Code     0  startup_stm32f103xb.o(.text)
    DMA1_Channel1_IRQHandler                 0x080001b3   Thumb Code     0  startup_stm32f103xb.o(.text)
    DMA1_Channel2_IRQHandler                 0x080001b3   Thumb Code     0  startup_stm32f103xb.o(.text)
    DMA1_Channel5_IRQHandler                 0x080001b3   Thumb Code     0  startup_stm32f103xb.o(.text)
    DMA1_Channel6_IRQHandler                 0x080001b3   Thumb Code     0  startup_stm32f103xb.o(.text)
    DMA1_Channel7_IRQHandler                 0x080001b3   Thumb Code     0  startup_stm32f103xb.o(.text)
    EXTI0_IRQHandler                         0x080001b3   Thumb Code     0  startup_stm32f103xb.o(.text)
    EXTI15_10_IRQHandler                     0x080001b3   Thumb Code     0  startup_stm32f103xb.o(.text)
    EXTI1_IRQHandler                         0x080001b3   Thumb Code     0  startup_stm32f103xb.o(.text)
    EXTI2_IRQHandler                         0x080001b3   Thumb Code     0  startup_stm32f103xb.o(.text)
    EXTI3_IRQHandler                         0x080001b3   Thumb Code     0  startup_stm32f103xb.o(.text)
    EXTI4_IRQHandler                         0x080001b3   Thumb Code     0  startup_stm32f103xb.o(.text)
    EXTI9_5_IRQHandler                       0x080001b3   Thumb Code     0  startup_stm32f103xb.o(.text)
    FLASH_IRQHandler                         0x080001b3   Thumb Code     0  startup_stm32f103xb.o(.text)
    I2C1_ER_IRQHandler                       0x080001b3   Thumb Code     0  startup_stm32f103xb.o(.text)
    I2C1_EV_IRQHandler                       0x080001b3   Thumb Code     0  startup_stm32f103xb.o(.text)
    I2C2_ER_IRQHandler                       0x080001b3   Thumb Code     0  startup_stm32f103xb.o(.text)
    I2C2_EV_IRQHandler                       0x080001b3   Thumb Code     0  startup_stm32f103xb.o(.text)
    PVD_IRQHandler                           0x080001b3   Thumb Code     0  startup_stm32f103xb.o(.text)
    RCC_IRQHandler                           0x080001b3   Thumb Code     0  startup_stm32f103xb.o(.text)
    RTC_Alarm_IRQHandler                     0x080001b3   Thumb Code     0  startup_stm32f103xb.o(.text)
    RTC_IRQHandler                           0x080001b3   Thumb Code     0  startup_stm32f103xb.o(.text)
    SPI1_IRQHandler                          0x080001b3   Thumb Code     0  startup_stm32f103xb.o(.text)
    SPI2_IRQHandler                          0x080001b3   Thumb Code     0  startup_stm32f103xb.o(.text)
    TAMPER_IRQHandler                        0x080001b3   Thumb Code     0  startup_stm32f103xb.o(.text)
    TIM1_BRK_IRQHandler                      0x080001b3   Thumb Code     0  startup_stm32f103xb.o(.text)
    TIM1_CC_IRQHandler                       0x080001b3   Thumb Code     0  startup_stm32f103xb.o(.text)
    TIM1_TRG_COM_IRQHandler                  0x080001b3   Thumb Code     0  startup_stm32f103xb.o(.text)
    TIM4_IRQHandler                          0x080001b3   Thumb Code     0  startup_stm32f103xb.o(.text)
    USART2_IRQHandler                        0x080001b3   Thumb Code     0  startup_stm32f103xb.o(.text)
    USART3_IRQHandler                        0x080001b3   Thumb Code     0  startup_stm32f103xb.o(.text)
    USBWakeUp_IRQHandler                     0x080001b3   Thumb Code     0  startup_stm32f103xb.o(.text)
    USB_HP_CAN1_TX_IRQHandler                0x080001b3   Thumb Code     0  startup_stm32f103xb.o(.text)
    WWDG_IRQHandler                          0x080001b3   Thumb Code     0  startup_stm32f103xb.o(.text)
    __aeabi_memcpy                           0x080001bd   Thumb Code    36  memcpya.o(.text)
    __aeabi_memcpy4                          0x080001bd   Thumb Code     0  memcpya.o(.text)
    __aeabi_memcpy8                          0x080001bd   Thumb Code     0  memcpya.o(.text)
    __scatterload                            0x080001e1   Thumb Code    28  init.o(.text)
    __scatterload_rt2                        0x080001e1   Thumb Code     0  init.o(.text)
    ADC_ConversionStop_Disable               0x08000205   Thumb Code    76  stm32f1xx_hal_adc.o(i.ADC_ConversionStop_Disable)
    BusFault_Handler                         0x08000251   Thumb Code     2  stm32f1xx_it.o(i.BusFault_Handler)
    CAN1_RX1_IRQHandler                      0x08000255   Thumb Code     6  stm32f1xx_it.o(i.CAN1_RX1_IRQHandler)
    DMA1_Channel3_IRQHandler                 0x08000389   Thumb Code     6  stm32f1xx_it.o(i.DMA1_Channel3_IRQHandler)
    DMA1_Channel4_IRQHandler                 0x08000395   Thumb Code     6  stm32f1xx_it.o(i.DMA1_Channel4_IRQHandler)
    DebugMon_Handler                         0x080003a1   Thumb Code     2  stm32f1xx_it.o(i.DebugMon_Handler)
    HAL_ADC_ConfigChannel                    0x080003a5   Thumb Code   240  stm32f1xx_hal_adc.o(i.HAL_ADC_ConfigChannel)
    HAL_ADC_Init                             0x080004a1   Thumb Code   272  stm32f1xx_hal_adc.o(i.HAL_ADC_Init)
    HAL_ADC_MspInit                          0x080005bd   Thumb Code    48  adc.o(i.HAL_ADC_MspInit)
    HAL_CAN_ErrorCallback                    0x080005f9   Thumb Code     2  stm32f1xx_hal_can.o(i.HAL_CAN_ErrorCallback)
    HAL_CAN_IRQHandler                       0x080005fd   Thumb Code   548  stm32f1xx_hal_can.o(i.HAL_CAN_IRQHandler)
    HAL_CAN_Init                             0x08000831   Thumb Code   300  stm32f1xx_hal_can.o(i.HAL_CAN_Init)
    HAL_CAN_MspInit                          0x0800095d   Thumb Code   108  can.o(i.HAL_CAN_MspInit)
    HAL_CAN_RxCpltCallback                   0x080009d5   Thumb Code     2  stm32f1xx_hal_can.o(i.HAL_CAN_RxCpltCallback)
    HAL_CAN_TxCpltCallback                   0x080009d7   Thumb Code     2  stm32f1xx_hal_can.o(i.HAL_CAN_TxCpltCallback)
    HAL_CRC_Init                             0x080009d9   Thumb Code    34  stm32f1xx_hal_crc.o(i.HAL_CRC_Init)
    HAL_CRC_MspInit                          0x080009fd   Thumb Code    30  crc.o(i.HAL_CRC_MspInit)
    HAL_DMA_Abort_IT                         0x08000a25   Thumb Code   148  stm32f1xx_hal_dma.o(i.HAL_DMA_Abort_IT)
    HAL_DMA_IRQHandler                       0x08000abd   Thumb Code   316  stm32f1xx_hal_dma.o(i.HAL_DMA_IRQHandler)
    HAL_DMA_Init                             0x08000c11   Thumb Code    92  stm32f1xx_hal_dma.o(i.HAL_DMA_Init)
    HAL_GPIO_Init                            0x08000c75   Thumb Code   408  stm32f1xx_hal_gpio.o(i.HAL_GPIO_Init)
    HAL_GPIO_WritePin                        0x08000e31   Thumb Code    10  stm32f1xx_hal_gpio.o(i.HAL_GPIO_WritePin)
    HAL_GetTick                              0x08000e3d   Thumb Code     6  stm32f1xx_hal.o(i.HAL_GetTick)
    HAL_IncTick                              0x08000e49   Thumb Code    10  stm32f1xx_hal.o(i.HAL_IncTick)
    HAL_Init                                 0x08000e59   Thumb Code    32  stm32f1xx_hal.o(i.HAL_Init)
    HAL_InitTick                             0x08000e7d   Thumb Code   100  stm32f1xx_hal_timebase_tim.o(i.HAL_InitTick)
    HAL_MspInit                              0x08000ef1   Thumb Code   122  stm32f1xx_hal_msp.o(i.HAL_MspInit)
    HAL_NVIC_EnableIRQ                       0x08000f75   Thumb Code    22  stm32f1xx_hal_cortex.o(i.HAL_NVIC_EnableIRQ)
    HAL_NVIC_SetPriority                     0x08000f8d   Thumb Code    60  stm32f1xx_hal_cortex.o(i.HAL_NVIC_SetPriority)
    HAL_NVIC_SetPriorityGrouping             0x08000fcd   Thumb Code    26  stm32f1xx_hal_cortex.o(i.HAL_NVIC_SetPriorityGrouping)
    HAL_RCCEx_PeriphCLKConfig                0x08000ff1   Thumb Code   224  stm32f1xx_hal_rcc_ex.o(i.HAL_RCCEx_PeriphCLKConfig)
    HAL_RCC_ClockConfig                      0x080010dd   Thumb Code   322  stm32f1xx_hal_rcc.o(i.HAL_RCC_ClockConfig)
    HAL_RCC_GetClockConfig                   0x08001231   Thumb Code    54  stm32f1xx_hal_rcc.o(i.HAL_RCC_GetClockConfig)
    HAL_RCC_GetHCLKFreq                      0x08001271   Thumb Code     6  stm32f1xx_hal_rcc.o(i.HAL_RCC_GetHCLKFreq)
    HAL_RCC_GetPCLK1Freq                     0x0800127d   Thumb Code    20  stm32f1xx_hal_rcc.o(i.HAL_RCC_GetPCLK1Freq)
    HAL_RCC_GetPCLK2Freq                     0x0800129d   Thumb Code    20  stm32f1xx_hal_rcc.o(i.HAL_RCC_GetPCLK2Freq)
    HAL_RCC_GetSysClockFreq                  0x080012bd   Thumb Code    74  stm32f1xx_hal_rcc.o(i.HAL_RCC_GetSysClockFreq)
    HAL_RCC_OscConfig                        0x08001329   Thumb Code   750  stm32f1xx_hal_rcc.o(i.HAL_RCC_OscConfig)
    HAL_SPI_Init                             0x0800162d   Thumb Code   130  stm32f1xx_hal_spi_ex.o(i.HAL_SPI_Init)
    HAL_SPI_MspInit                          0x080016b1   Thumb Code   182  spi.o(i.HAL_SPI_MspInit)
    HAL_SYSTICK_CLKSourceConfig              0x08001795   Thumb Code    24  stm32f1xx_hal_cortex.o(i.HAL_SYSTICK_CLKSourceConfig)
    HAL_SYSTICK_Config                       0x080017ad   Thumb Code    40  stm32f1xx_hal_cortex.o(i.HAL_SYSTICK_Config)
    HAL_TIMEx_BreakCallback                  0x080017d5   Thumb Code     2  stm32f1xx_hal_tim_ex.o(i.HAL_TIMEx_BreakCallback)
    HAL_TIMEx_CommutationCallback            0x080017d7   Thumb Code     2  stm32f1xx_hal_tim_ex.o(i.HAL_TIMEx_CommutationCallback)
    HAL_TIMEx_MasterConfigSynchronization    0x080017d9   Thumb Code    80  stm32f1xx_hal_tim_ex.o(i.HAL_TIMEx_MasterConfigSynchronization)
    HAL_TIM_Base_Init                        0x08001829   Thumb Code    54  stm32f1xx_hal_tim.o(i.HAL_TIM_Base_Init)
    HAL_TIM_Base_MspInit                     0x08001861   Thumb Code    86  tim.o(i.HAL_TIM_Base_MspInit)
    HAL_TIM_Base_Start_IT                    0x080018c1   Thumb Code    24  stm32f1xx_hal_tim.o(i.HAL_TIM_Base_Start_IT)
    HAL_TIM_ConfigClockSource                0x080018d9   Thumb Code   242  stm32f1xx_hal_tim.o(i.HAL_TIM_ConfigClockSource)
    HAL_TIM_IC_CaptureCallback               0x080019cb   Thumb Code     2  stm32f1xx_hal_tim.o(i.HAL_TIM_IC_CaptureCallback)
    HAL_TIM_IRQHandler                       0x080019cd   Thumb Code   358  stm32f1xx_hal_tim.o(i.HAL_TIM_IRQHandler)
    HAL_TIM_OC_DelayElapsedCallback          0x08001b33   Thumb Code     2  stm32f1xx_hal_tim.o(i.HAL_TIM_OC_DelayElapsedCallback)
    HAL_TIM_PWM_PulseFinishedCallback        0x08001b35   Thumb Code     2  stm32f1xx_hal_tim.o(i.HAL_TIM_PWM_PulseFinishedCallback)
    HAL_TIM_PeriodElapsedCallback            0x08001b39   Thumb Code    14  main.o(i.HAL_TIM_PeriodElapsedCallback)
    HAL_TIM_TriggerCallback                  0x08001b4d   Thumb Code     2  stm32f1xx_hal_tim.o(i.HAL_TIM_TriggerCallback)
    HAL_UART_ErrorCallback                   0x08001b4f   Thumb Code     2  stm32f1xx_hal_uart.o(i.HAL_UART_ErrorCallback)
    HAL_UART_IRQHandler                      0x08001b51   Thumb Code   266  stm32f1xx_hal_uart.o(i.HAL_UART_IRQHandler)
    HAL_UART_Init                            0x08001c61   Thumb Code    98  stm32f1xx_hal_uart.o(i.HAL_UART_Init)
    HAL_UART_MspInit                         0x08001cc5   Thumb Code   138  usart.o(i.HAL_UART_MspInit)
    HAL_UART_RxCpltCallback                  0x08001d75   Thumb Code     2  stm32f1xx_hal_uart.o(i.HAL_UART_RxCpltCallback)
    HAL_UART_TxCpltCallback                  0x08001d77   Thumb Code     2  stm32f1xx_hal_uart.o(i.HAL_UART_TxCpltCallback)
    HardFault_Handler                        0x08001d79   Thumb Code     2  stm32f1xx_it.o(i.HardFault_Handler)
    MX_ADC1_Init                             0x08001d7d   Thumb Code    72  adc.o(i.MX_ADC1_Init)
    MX_CAN_Init                              0x08001ddd   Thumb Code    56  can.o(i.MX_CAN_Init)
    MX_CRC_Init                              0x08001e2d   Thumb Code    32  crc.o(i.MX_CRC_Init)
    MX_DMA_Init                              0x08001e65   Thumb Code    56  dma.o(i.MX_DMA_Init)
    MX_FREERTOS_Init                         0x08001ea1   Thumb Code    30  freertos.o(i.MX_FREERTOS_Init)
    MX_GPIO_Init                             0x08001ec9   Thumb Code   148  gpio.o(i.MX_GPIO_Init)
    MX_SPI1_Init                             0x08001f6d   Thumb Code    66  spi.o(i.MX_SPI1_Init)
    MX_SPI2_Init                             0x08001fc9   Thumb Code    64  spi.o(i.MX_SPI2_Init)
    MX_TIM1_Init                             0x08002021   Thumb Code    90  tim.o(i.MX_TIM1_Init)
    MX_TIM2_Init                             0x08002095   Thumb Code    90  tim.o(i.MX_TIM2_Init)
    MX_USART1_UART_Init                      0x08002105   Thumb Code    52  usart.o(i.MX_USART1_UART_Init)
    MemManage_Handler                        0x08002151   Thumb Code     2  stm32f1xx_it.o(i.MemManage_Handler)
    NMI_Handler                              0x08002153   Thumb Code     2  stm32f1xx_it.o(i.NMI_Handler)
    StartDefaultTask                         0x08002175   Thumb Code     8  freertos.o(i.StartDefaultTask)
    SysTick_Handler                          0x0800217d   Thumb Code     4  stm32f1xx_it.o(i.SysTick_Handler)
    SystemClock_Config                       0x08002181   Thumb Code   122  main.o(i.SystemClock_Config)
    SystemInit                               0x080021fd   Thumb Code    56  system_stm32f1xx.o(i.SystemInit)
    TIM1_UP_IRQHandler                       0x08002245   Thumb Code     6  stm32f1xx_it.o(i.TIM1_UP_IRQHandler)
    TIM2_IRQHandler                          0x08002251   Thumb Code     6  stm32f1xx_it.o(i.TIM2_IRQHandler)
    TIM3_IRQHandler                          0x0800225d   Thumb Code     6  stm32f1xx_it.o(i.TIM3_IRQHandler)
    TIM_Base_SetConfig                       0x08002269   Thumb Code    94  stm32f1xx_hal_tim.o(i.TIM_Base_SetConfig)
    USART1_IRQHandler                        0x080025d5   Thumb Code     6  stm32f1xx_it.o(i.USART1_IRQHandler)
    USB_LP_CAN1_RX0_IRQHandler               0x080025e1   Thumb Code     6  stm32f1xx_it.o(i.USB_LP_CAN1_RX0_IRQHandler)
    UsageFault_Handler                       0x080025ed   Thumb Code     2  stm32f1xx_it.o(i.UsageFault_Handler)
    _Error_Handler                           0x080025ef   Thumb Code     2  main.o(i._Error_Handler)
    __scatterload_copy                       0x080025f1   Thumb Code    14  handlers.o(i.__scatterload_copy)
    __scatterload_null                       0x080025ff   Thumb Code     2  handlers.o(i.__scatterload_null)
    __scatterload_zeroinit                   0x08002601   Thumb Code    14  handlers.o(i.__scatterload_zeroinit)
    main                                     0x0800260f   Thumb Code    58  main.o(i.main)
    osDelay                                  0x08002655   Thumb Code    14  cmsis_os.o(i.osDelay)
    osKernelStart                            0x08002663   Thumb Code    10  cmsis_os.o(i.osKernelStart)
    osSystickHandler                         0x0800266d   Thumb Code    20  cmsis_os.o(i.osSystickHandler)
    osThreadCreate                           0x08002681   Thumb Code    46  cmsis_os.o(i.osThreadCreate)
    pvPortMalloc                             0x08002db9   Thumb Code   220  heap_4.o(i.pvPortMalloc)
    pvTaskIncrementMutexHeldCount            0x08002e99   Thumb Code    18  tasks.o(i.pvTaskIncrementMutexHeldCount)
    pxPortInitialiseStack                    0x08002eb1   Thumb Code    32  port.o(i.pxPortInitialiseStack)
    uxListRemove                             0x08002ed5   Thumb Code    36  list.o(i.uxListRemove)
    vApplicationIdleHook                     0x08002ef9   Thumb Code     2  freertos.o(i.vApplicationIdleHook)
    vApplicationMallocFailedHook             0x08002efb   Thumb Code     2  freertos.o(i.vApplicationMallocFailedHook)
    vApplicationStackOverflowHook            0x08002efd   Thumb Code     2  freertos.o(i.vApplicationStackOverflowHook)
    vApplicationTickHook                     0x08002eff   Thumb Code     2  freertos.o(i.vApplicationTickHook)
    vListInitialise                          0x08002f01   Thumb Code    22  list.o(i.vListInitialise)
    vListInitialiseItem                      0x08002f17   Thumb Code     6  list.o(i.vListInitialiseItem)
    vListInsert                              0x08002f1d   Thumb Code    48  list.o(i.vListInsert)
    vListInsertEnd                           0x08002f4d   Thumb Code    24  list.o(i.vListInsertEnd)
    vPortEnterCritical                       0x08002f65   Thumb Code    54  port.o(i.vPortEnterCritical)
    vPortExitCritical                        0x08002fa5   Thumb Code    34  port.o(i.vPortExitCritical)
    vPortFree                                0x08002fcd   Thumb Code    88  heap_4.o(i.vPortFree)
    vPortSetupTimerInterrupt                 0x08003029   Thumb Code    26  port.o(i.vPortSetupTimerInterrupt)
    vPortValidateInterruptPriority           0x08003049   Thumb Code    74  port.o(i.vPortValidateInterruptPriority)
    vQueueAddToRegistry                      0x0800309d   Thumb Code    34  queue.o(i.vQueueAddToRegistry)
    vQueueWaitForMessageRestricted           0x080030c5   Thumb Code    68  queue.o(i.vQueueWaitForMessageRestricted)
    vTaskDelay                               0x08003109   Thumb Code    66  tasks.o(i.vTaskDelay)
    vTaskMissedYield                         0x08003155   Thumb Code     8  tasks.o(i.vTaskMissedYield)
    vTaskPlaceOnEventList                    0x08003161   Thumb Code    44  tasks.o(i.vTaskPlaceOnEventList)
    vTaskPlaceOnEventListRestricted          0x08003191   Thumb Code    52  tasks.o(i.vTaskPlaceOnEventListRestricted)
    vTaskPriorityInherit                     0x080031c9   Thumb Code   124  tasks.o(i.vTaskPriorityInherit)
    vTaskSetTimeOutState                     0x0800324d   Thumb Code    30  tasks.o(i.vTaskSetTimeOutState)
    vTaskStartScheduler                      0x08003271   Thumb Code    94  tasks.o(i.vTaskStartScheduler)
    vTaskSuspendAll                          0x080032e1   Thumb Code    10  tasks.o(i.vTaskSuspendAll)
    vTaskSwitchContext                       0x080032f1   Thumb Code   106  tasks.o(i.vTaskSwitchContext)
    xPortStartScheduler                      0x08003365   Thumb Code   102  port.o(i.xPortStartScheduler)
    xPortSysTickHandler                      0x080033d9   Thumb Code    38  port.o(i.xPortSysTickHandler)
    xQueueGenericCreate                      0x08003405   Thumb Code    72  queue.o(i.xQueueGenericCreate)
    xQueueGenericReceive                     0x0800344d   Thumb Code   360  queue.o(i.xQueueGenericReceive)
    xQueueGenericReset                       0x080035b9   Thumb Code   132  queue.o(i.xQueueGenericReset)
    xQueueGenericSend                        0x08003641   Thumb Code   346  queue.o(i.xQueueGenericSend)
    xQueueGenericSendFromISR                 0x080037a1   Thumb Code   188  queue.o(i.xQueueGenericSendFromISR)
    xTaskCheckForTimeOut                     0x0800385d   Thumb Code   102  tasks.o(i.xTaskCheckForTimeOut)
    xTaskCreate                              0x080038c9   Thumb Code    86  tasks.o(i.xTaskCreate)
    xTaskGetSchedulerState                   0x08003921   Thumb Code    22  tasks.o(i.xTaskGetSchedulerState)
    xTaskGetTickCount                        0x0800393d   Thumb Code     6  tasks.o(i.xTaskGetTickCount)
    xTaskIncrementTick                       0x08003949   Thumb Code   202  tasks.o(i.xTaskIncrementTick)
    xTaskPriorityDisinherit                  0x08003a1d   Thumb Code   144  tasks.o(i.xTaskPriorityDisinherit)
    xTaskRemoveFromEventList                 0x08003ab5   Thumb Code   108  tasks.o(i.xTaskRemoveFromEventList)
    xTaskResumeAll                           0x08003b29   Thumb Code   182  tasks.o(i.xTaskResumeAll)
    xTimerCreateTimerTask                    0x08003bed   Thumb Code    56  timers.o(i.xTimerCreateTimerTask)
    xTimerGenericCommand                     0x08003c35   Thumb Code    92  timers.o(i.xTimerGenericCommand)
    AHBPrescTable                            0x08003c94   Data          16  system_stm32f1xx.o(.constdata)
    APBPrescTable                            0x08003ca4   Data           8  system_stm32f1xx.o(.constdata)
    Region$$Table$$Base                      0x08003ccc   Number         0  anon$$obj.o(Region$$Table)
    Region$$Table$$Limit                     0x08003cec   Number         0  anon$$obj.o(Region$$Table)
    uwTick                                   0x20000000   Data           4  stm32f1xx_hal.o(.data)
    SystemCoreClock                          0x20000004   Data           4  system_stm32f1xx.o(.data)
    pxCurrentTCB                             0x20000008   Data           4  tasks.o(.data)
    hcrc                                     0x2000007c   Data           8  crc.o(.data)
    defaultTaskHandle                        0x20000084   Data           4  freertos.o(.data)
    xQueueRegistry                           0x20000d78   Data          64  queue.o(.bss)
    hadc1                                    0x20000de0   Data          48  adc.o(.bss)
    htim1                                    0x20000e10   Data          64  tim.o(.bss)
    htim2                                    0x20000e50   Data          64  tim.o(.bss)
    huart1                                   0x20000e90   Data          64  usart.o(.bss)
    hdma_usart1_tx                           0x20000ed0   Data          68  usart.o(.bss)
    htim3                                    0x20000f14   Data          64  stm32f1xx_hal_timebase_tim.o(.bss)
    hspi1                                    0x20000f54   Data          88  spi.o(.bss)
    hspi2                                    0x20000fac   Data          88  spi.o(.bss)
    hdma_spi1_tx                             0x20001004   Data          68  spi.o(.bss)
    hcan                                     0x20001048   Data          68  can.o(.bss)
    __initial_sp                             0x20001490   Data           0  startup_stm32f103xb.o(STACK)



==============================================================================

Memory Map of the image

  Image Entry point : 0x080000ed

  Load Region LR_IROM1 (Base: 0x08000000, Size: 0x00003d74, Max: 0x00010000, ABSOLUTE)

    Execution Region ER_IROM1 (Exec base: 0x08000000, Load base: 0x08000000, Size: 0x00003cec, Max: 0x00010000, ABSOLUTE)

    Exec Addr    Load Addr    Size         Type   Attr      Idx    E Section Name        Object

    0x08000000   0x08000000   0x000000ec   Data   RO            3    RESET               startup_stm32f103xb.o
    0x080000ec   0x080000ec   0x00000000   Code   RO         4899  * .ARM.Collect$$$$00000000  mc_w.l(entry.o)
    0x080000ec   0x080000ec   0x00000004   Code   RO         4908    .ARM.Collect$$$$00000001  mc_w.l(entry2.o)
    0x080000f0   0x080000f0   0x00000004   Code   RO         4911    .ARM.Collect$$$$00000004  mc_w.l(entry5.o)
    0x080000f4   0x080000f4   0x00000000   Code   RO         4913    .ARM.Collect$$$$00000008  mc_w.l(entry7b.o)
    0x080000f4   0x080000f4   0x00000000   Code   RO         4915    .ARM.Collect$$$$0000000A  mc_w.l(entry8b.o)
    0x080000f4   0x080000f4   0x00000008   Code   RO         4916    .ARM.Collect$$$$0000000B  mc_w.l(entry9a.o)
    0x080000fc   0x080000fc   0x00000000   Code   RO         4918    .ARM.Collect$$$$0000000D  mc_w.l(entry10a.o)
    0x080000fc   0x080000fc   0x00000000   Code   RO         4920    .ARM.Collect$$$$0000000F  mc_w.l(entry11a.o)
    0x080000fc   0x080000fc   0x00000004   Code   RO         4909    .ARM.Collect$$$$00002712  mc_w.l(entry2.o)
    0x08000100   0x08000100   0x00000096   Code   RO         3992    .emb_text           port.o
    0x08000196   0x08000196   0x00000002   PAD
    0x08000198   0x08000198   0x00000024   Code   RO            4    .text               startup_stm32f103xb.o
    0x080001bc   0x080001bc   0x00000024   Code   RO         4904    .text               mc_w.l(memcpya.o)
    0x080001e0   0x080001e0   0x00000024   Code   RO         4922    .text               mc_w.l(init.o)
    0x08000204   0x08000204   0x0000004c   Code   RO          198    i.ADC_ConversionStop_Disable  stm32f1xx_hal_adc.o
    0x08000250   0x08000250   0x00000002   Code   RO         4790    i.BusFault_Handler  stm32f1xx_it.o
    0x08000252   0x08000252   0x00000002   PAD
    0x08000254   0x08000254   0x0000000c   Code   RO         4791    i.CAN1_RX1_IRQHandler  stm32f1xx_it.o
    0x08000260   0x08000260   0x00000126   Code   RO          541    i.CAN_Receive_IT    stm32f1xx_hal_can.o
    0x08000386   0x08000386   0x00000002   PAD
    0x08000388   0x08000388   0x0000000c   Code   RO         4792    i.DMA1_Channel3_IRQHandler  stm32f1xx_it.o
    0x08000394   0x08000394   0x0000000c   Code   RO         4793    i.DMA1_Channel4_IRQHandler  stm32f1xx_it.o
    0x080003a0   0x080003a0   0x00000002   Code   RO         4794    i.DebugMon_Handler  stm32f1xx_it.o
    0x080003a2   0x080003a2   0x00000002   PAD
    0x080003a4   0x080003a4   0x000000fc   Code   RO          204    i.HAL_ADC_ConfigChannel  stm32f1xx_hal_adc.o
    0x080004a0   0x080004a0   0x0000011c   Code   RO          213    i.HAL_ADC_Init      stm32f1xx_hal_adc.o
    0x080005bc   0x080005bc   0x0000003c   Code   RO         4350    i.HAL_ADC_MspInit   adc.o
    0x080005f8   0x080005f8   0x00000002   Code   RO          544    i.HAL_CAN_ErrorCallback  stm32f1xx_hal_can.o
    0x080005fa   0x080005fa   0x00000002   PAD
    0x080005fc   0x080005fc   0x00000234   Code   RO          547    i.HAL_CAN_IRQHandler  stm32f1xx_hal_can.o
    0x08000830   0x08000830   0x0000012c   Code   RO          548    i.HAL_CAN_Init      stm32f1xx_hal_can.o
    0x0800095c   0x0800095c   0x00000078   Code   RO         4749    i.HAL_CAN_MspInit   can.o
    0x080009d4   0x080009d4   0x00000002   Code   RO          553    i.HAL_CAN_RxCpltCallback  stm32f1xx_hal_can.o
    0x080009d6   0x080009d6   0x00000002   Code   RO          557    i.HAL_CAN_TxCpltCallback  stm32f1xx_hal_can.o
    0x080009d8   0x080009d8   0x00000022   Code   RO          382    i.HAL_CRC_Init      stm32f1xx_hal_crc.o
    0x080009fa   0x080009fa   0x00000002   PAD
    0x080009fc   0x080009fc   0x00000028   Code   RO         4308    i.HAL_CRC_MspInit   crc.o
    0x08000a24   0x08000a24   0x00000098   Code   RO         1638    i.HAL_DMA_Abort_IT  stm32f1xx_hal_dma.o
    0x08000abc   0x08000abc   0x00000154   Code   RO         1642    i.HAL_DMA_IRQHandler  stm32f1xx_hal_dma.o
    0x08000c10   0x08000c10   0x00000064   Code   RO         1643    i.HAL_DMA_Init      stm32f1xx_hal_dma.o
    0x08000c74   0x08000c74   0x000001bc   Code   RO         1219    i.HAL_GPIO_Init     stm32f1xx_hal_gpio.o
    0x08000e30   0x08000e30   0x0000000a   Code   RO         1223    i.HAL_GPIO_WritePin  stm32f1xx_hal_gpio.o
    0x08000e3a   0x08000e3a   0x00000002   PAD
    0x08000e3c   0x08000e3c   0x0000000c   Code   RO         1506    i.HAL_GetTick       stm32f1xx_hal.o
    0x08000e48   0x08000e48   0x00000010   Code   RO         1508    i.HAL_IncTick       stm32f1xx_hal.o
    0x08000e58   0x08000e58   0x00000024   Code   RO         1509    i.HAL_Init          stm32f1xx_hal.o
    0x08000e7c   0x08000e7c   0x00000074   Code   RO         4613    i.HAL_InitTick      stm32f1xx_hal_timebase_tim.o
    0x08000ef0   0x08000ef0   0x00000084   Code   RO         4391    i.HAL_MspInit       stm32f1xx_hal_msp.o
    0x08000f74   0x08000f74   0x00000016   Code   RO         1284    i.HAL_NVIC_EnableIRQ  stm32f1xx_hal_cortex.o
    0x08000f8a   0x08000f8a   0x00000002   PAD
    0x08000f8c   0x08000f8c   0x00000040   Code   RO         1290    i.HAL_NVIC_SetPriority  stm32f1xx_hal_cortex.o
    0x08000fcc   0x08000fcc   0x00000024   Code   RO         1291    i.HAL_NVIC_SetPriorityGrouping  stm32f1xx_hal_cortex.o
    0x08000ff0   0x08000ff0   0x000000ec   Code   RO         2983    i.HAL_RCCEx_PeriphCLKConfig  stm32f1xx_hal_rcc_ex.o
    0x080010dc   0x080010dc   0x00000154   Code   RO          667    i.HAL_RCC_ClockConfig  stm32f1xx_hal_rcc.o
    0x08001230   0x08001230   0x00000040   Code   RO          671    i.HAL_RCC_GetClockConfig  stm32f1xx_hal_rcc.o
    0x08001270   0x08001270   0x0000000c   Code   RO          672    i.HAL_RCC_GetHCLKFreq  stm32f1xx_hal_rcc.o
    0x0800127c   0x0800127c   0x00000020   Code   RO          674    i.HAL_RCC_GetPCLK1Freq  stm32f1xx_hal_rcc.o
    0x0800129c   0x0800129c   0x00000020   Code   RO          675    i.HAL_RCC_GetPCLK2Freq  stm32f1xx_hal_rcc.o
    0x080012bc   0x080012bc   0x0000006c   Code   RO          676    i.HAL_RCC_GetSysClockFreq  stm32f1xx_hal_rcc.o
    0x08001328   0x08001328   0x00000304   Code   RO          679    i.HAL_RCC_OscConfig  stm32f1xx_hal_rcc.o
    0x0800162c   0x0800162c   0x00000082   Code   RO         1964    i.HAL_SPI_Init      stm32f1xx_hal_spi_ex.o
    0x080016ae   0x080016ae   0x00000002   PAD
    0x080016b0   0x080016b0   0x000000e4   Code   RO         4701    i.HAL_SPI_MspInit   spi.o
    0x08001794   0x08001794   0x00000018   Code   RO         1293    i.HAL_SYSTICK_CLKSourceConfig  stm32f1xx_hal_cortex.o
    0x080017ac   0x080017ac   0x00000028   Code   RO         1295    i.HAL_SYSTICK_Config  stm32f1xx_hal_cortex.o
    0x080017d4   0x080017d4   0x00000002   Code   RO         1731    i.HAL_TIMEx_BreakCallback  stm32f1xx_hal_tim_ex.o
    0x080017d6   0x080017d6   0x00000002   Code   RO         1732    i.HAL_TIMEx_CommutationCallback  stm32f1xx_hal_tim_ex.o
    0x080017d8   0x080017d8   0x00000050   Code   RO         1748    i.HAL_TIMEx_MasterConfigSynchronization  stm32f1xx_hal_tim_ex.o
    0x08001828   0x08001828   0x00000036   Code   RO         2352    i.HAL_TIM_Base_Init  stm32f1xx_hal_tim.o
    0x0800185e   0x0800185e   0x00000002   PAD
    0x08001860   0x08001860   0x00000060   Code   RO         4524    i.HAL_TIM_Base_MspInit  tim.o
    0x080018c0   0x080018c0   0x00000018   Code   RO         2357    i.HAL_TIM_Base_Start_IT  stm32f1xx_hal_tim.o
    0x080018d8   0x080018d8   0x000000f2   Code   RO         2361    i.HAL_TIM_ConfigClockSource  stm32f1xx_hal_tim.o
    0x080019ca   0x080019ca   0x00000002   Code   RO         2381    i.HAL_TIM_IC_CaptureCallback  stm32f1xx_hal_tim.o
    0x080019cc   0x080019cc   0x00000166   Code   RO         2394    i.HAL_TIM_IRQHandler  stm32f1xx_hal_tim.o
    0x08001b32   0x08001b32   0x00000002   Code   RO         2397    i.HAL_TIM_OC_DelayElapsedCallback  stm32f1xx_hal_tim.o
    0x08001b34   0x08001b34   0x00000002   Code   RO         2424    i.HAL_TIM_PWM_PulseFinishedCallback  stm32f1xx_hal_tim.o
    0x08001b36   0x08001b36   0x00000002   PAD
    0x08001b38   0x08001b38   0x00000014   Code   RO         4415    i.HAL_TIM_PeriodElapsedCallback  main.o
    0x08001b4c   0x08001b4c   0x00000002   Code   RO         2435    i.HAL_TIM_TriggerCallback  stm32f1xx_hal_tim.o
    0x08001b4e   0x08001b4e   0x00000002   Code   RO         2009    i.HAL_UART_ErrorCallback  stm32f1xx_hal_uart.o
    0x08001b50   0x08001b50   0x00000110   Code   RO         2012    i.HAL_UART_IRQHandler  stm32f1xx_hal_uart.o
    0x08001c60   0x08001c60   0x00000062   Code   RO         2013    i.HAL_UART_Init     stm32f1xx_hal_uart.o
    0x08001cc2   0x08001cc2   0x00000002   PAD
    0x08001cc4   0x08001cc4   0x000000b0   Code   RO         4572    i.HAL_UART_MspInit  usart.o
    0x08001d74   0x08001d74   0x00000002   Code   RO         2019    i.HAL_UART_RxCpltCallback  stm32f1xx_hal_uart.o
    0x08001d76   0x08001d76   0x00000002   Code   RO         2024    i.HAL_UART_TxCpltCallback  stm32f1xx_hal_uart.o
    0x08001d78   0x08001d78   0x00000002   Code   RO         4795    i.HardFault_Handler  stm32f1xx_it.o
    0x08001d7a   0x08001d7a   0x00000002   PAD
    0x08001d7c   0x08001d7c   0x00000060   Code   RO         4351    i.MX_ADC1_Init      adc.o
    0x08001ddc   0x08001ddc   0x00000050   Code   RO         4750    i.MX_CAN_Init       can.o
    0x08001e2c   0x08001e2c   0x00000038   Code   RO         4309    i.MX_CRC_Init       crc.o
    0x08001e64   0x08001e64   0x0000003c   Code   RO         4499    i.MX_DMA_Init       dma.o
    0x08001ea0   0x08001ea0   0x00000028   Code   RO         4650    i.MX_FREERTOS_Init  freertos.o
    0x08001ec8   0x08001ec8   0x000000a4   Code   RO         4280    i.MX_GPIO_Init      gpio.o
    0x08001f6c   0x08001f6c   0x0000005c   Code   RO         4702    i.MX_SPI1_Init      spi.o
    0x08001fc8   0x08001fc8   0x00000058   Code   RO         4703    i.MX_SPI2_Init      spi.o
    0x08002020   0x08002020   0x00000074   Code   RO         4525    i.MX_TIM1_Init      tim.o
    0x08002094   0x08002094   0x00000070   Code   RO         4526    i.MX_TIM2_Init      tim.o
    0x08002104   0x08002104   0x0000004c   Code   RO         4573    i.MX_USART1_UART_Init  usart.o
    0x08002150   0x08002150   0x00000002   Code   RO         4796    i.MemManage_Handler  stm32f1xx_it.o
    0x08002152   0x08002152   0x00000002   Code   RO         4797    i.NMI_Handler       stm32f1xx_it.o
    0x08002154   0x08002154   0x00000020   Code   RO         1297    i.NVIC_SetPriority  stm32f1xx_hal_cortex.o
    0x08002174   0x08002174   0x00000008   Code   RO         4651    i.StartDefaultTask  freertos.o
    0x0800217c   0x0800217c   0x00000004   Code   RO         4798    i.SysTick_Handler   stm32f1xx_it.o
    0x08002180   0x08002180   0x0000007a   Code   RO         4416    i.SystemClock_Config  main.o
    0x080021fa   0x080021fa   0x00000002   PAD
    0x080021fc   0x080021fc   0x00000048   Code   RO         3018    i.SystemInit        system_stm32f1xx.o
    0x08002244   0x08002244   0x0000000c   Code   RO         4799    i.TIM1_UP_IRQHandler  stm32f1xx_it.o
    0x08002250   0x08002250   0x0000000c   Code   RO         4800    i.TIM2_IRQHandler   stm32f1xx_it.o
    0x0800225c   0x0800225c   0x0000000c   Code   RO         4801    i.TIM3_IRQHandler   stm32f1xx_it.o
    0x08002268   0x08002268   0x0000006c   Code   RO         2436    i.TIM_Base_SetConfig  stm32f1xx_hal_tim.o
    0x080022d4   0x080022d4   0x00000014   Code   RO         2443    i.TIM_ETR_SetConfig  stm32f1xx_hal_tim.o
    0x080022e8   0x080022e8   0x00000010   Code   RO         2444    i.TIM_ITRx_SetConfig  stm32f1xx_hal_tim.o
    0x080022f8   0x080022f8   0x00000022   Code   RO         2450    i.TIM_TI1_ConfigInputStage  stm32f1xx_hal_tim.o
    0x0800231a   0x0800231a   0x00000024   Code   RO         2452    i.TIM_TI2_ConfigInputStage  stm32f1xx_hal_tim.o
    0x0800233e   0x0800233e   0x00000010   Code   RO         2026    i.UART_DMAAbortOnError  stm32f1xx_hal_uart.o
    0x0800234e   0x0800234e   0x0000001c   Code   RO         2036    i.UART_EndRxTransfer  stm32f1xx_hal_uart.o
    0x0800236a   0x0800236a   0x00000096   Code   RO         2038    i.UART_Receive_IT   stm32f1xx_hal_uart.o
    0x08002400   0x08002400   0x00000170   Code   RO         2039    i.UART_SetConfig    stm32f1xx_hal_uart.o
    0x08002570   0x08002570   0x00000062   Code   RO         2040    i.UART_Transmit_IT  stm32f1xx_hal_uart.o
    0x080025d2   0x080025d2   0x00000002   PAD
    0x080025d4   0x080025d4   0x0000000c   Code   RO         4802    i.USART1_IRQHandler  stm32f1xx_it.o
    0x080025e0   0x080025e0   0x0000000c   Code   RO         4803    i.USB_LP_CAN1_RX0_IRQHandler  stm32f1xx_it.o
    0x080025ec   0x080025ec   0x00000002   Code   RO         4804    i.UsageFault_Handler  stm32f1xx_it.o
    0x080025ee   0x080025ee   0x00000002   Code   RO         4417    i._Error_Handler    main.o
    0x080025f0   0x080025f0   0x0000000e   Code   RO         4926    i.__scatterload_copy  mc_w.l(handlers.o)
    0x080025fe   0x080025fe   0x00000002   Code   RO         4927    i.__scatterload_null  mc_w.l(handlers.o)
    0x08002600   0x08002600   0x0000000e   Code   RO         4928    i.__scatterload_zeroinit  mc_w.l(handlers.o)
    0x0800260e   0x0800260e   0x0000003a   Code   RO         4418    i.main              main.o
    0x08002648   0x08002648   0x0000000c   Code   RO         3409    i.makeFreeRtosPriority  cmsis_os.o
    0x08002654   0x08002654   0x0000000e   Code   RO         3411    i.osDelay           cmsis_os.o
    0x08002662   0x08002662   0x0000000a   Code   RO         3414    i.osKernelStart     cmsis_os.o
    0x0800266c   0x0800266c   0x00000014   Code   RO         3447    i.osSystickHandler  cmsis_os.o
    0x08002680   0x08002680   0x0000002e   Code   RO         3448    i.osThreadCreate    cmsis_os.o
    0x080026ae   0x080026ae   0x00000002   PAD
    0x080026b0   0x080026b0   0x00000070   Code   RO         3093    i.prvAddCurrentTaskToDelayedList  tasks.o
    0x08002720   0x08002720   0x000000d0   Code   RO         3094    i.prvAddNewTaskToReadyList  tasks.o
    0x080027f0   0x080027f0   0x00000050   Code   RO         4106    i.prvCheckForValidListAndQueue  timers.o
    0x08002840   0x08002840   0x00000050   Code   RO         3095    i.prvCheckTasksWaitingTermination  tasks.o
    0x08002890   0x08002890   0x00000026   Code   RO         3850    i.prvCopyDataFromQueue  queue.o
    0x080028b6   0x080028b6   0x0000006c   Code   RO         3851    i.prvCopyDataToQueue  queue.o
    0x08002922   0x08002922   0x00000014   Code   RO         3096    i.prvDeleteTCB      tasks.o
    0x08002936   0x08002936   0x00000002   PAD
    0x08002938   0x08002938   0x0000004c   Code   RO         3788    i.prvHeapInit       heap_4.o
    0x08002984   0x08002984   0x0000002c   Code   RO         3097    i.prvIdleTask       tasks.o
    0x080029b0   0x080029b0   0x0000008e   Code   RO         3098    i.prvInitialiseNewTask  tasks.o
    0x08002a3e   0x08002a3e   0x00000002   PAD
    0x08002a40   0x08002a40   0x0000004c   Code   RO         3789    i.prvInsertBlockIntoFreeList  heap_4.o
    0x08002a8c   0x08002a8c   0x00000038   Code   RO         4107    i.prvInsertTimerInActiveList  timers.o
    0x08002ac4   0x08002ac4   0x0000001c   Code   RO         3852    i.prvIsQueueEmpty   queue.o
    0x08002ae0   0x08002ae0   0x000000b8   Code   RO         4108    i.prvProcessReceivedCommands  timers.o
    0x08002b98   0x08002b98   0x000000b4   Code   RO         4109    i.prvProcessTimerOrBlockTask  timers.o
    0x08002c4c   0x08002c4c   0x00000020   Code   RO         3099    i.prvResetNextTaskUnblockTime  tasks.o
    0x08002c6c   0x08002c6c   0x00000028   Code   RO         4110    i.prvSampleTimeNow  timers.o
    0x08002c94   0x08002c94   0x0000006c   Code   RO         4111    i.prvSwitchTimerLists  timers.o
    0x08002d00   0x08002d00   0x00000028   Code   RO         3993    i.prvTaskExitError  port.o
    0x08002d28   0x08002d28   0x00000024   Code   RO         4112    i.prvTimerTask      timers.o
    0x08002d4c   0x08002d4c   0x0000006a   Code   RO         3853    i.prvUnlockQueue    queue.o
    0x08002db6   0x08002db6   0x00000002   PAD
    0x08002db8   0x08002db8   0x000000e0   Code   RO         3790    i.pvPortMalloc      heap_4.o
    0x08002e98   0x08002e98   0x00000018   Code   RO         3101    i.pvTaskIncrementMutexHeldCount  tasks.o
    0x08002eb0   0x08002eb0   0x00000024   Code   RO         3994    i.pxPortInitialiseStack  port.o
    0x08002ed4   0x08002ed4   0x00000024   Code   RO         4069    i.uxListRemove      list.o
    0x08002ef8   0x08002ef8   0x00000002   Code   RO         4652    i.vApplicationIdleHook  freertos.o
    0x08002efa   0x08002efa   0x00000002   Code   RO         4653    i.vApplicationMallocFailedHook  freertos.o
    0x08002efc   0x08002efc   0x00000002   Code   RO         4654    i.vApplicationStackOverflowHook  freertos.o
    0x08002efe   0x08002efe   0x00000002   Code   RO         4655    i.vApplicationTickHook  freertos.o
    0x08002f00   0x08002f00   0x00000016   Code   RO         4070    i.vListInitialise   list.o
    0x08002f16   0x08002f16   0x00000006   Code   RO         4071    i.vListInitialiseItem  list.o
    0x08002f1c   0x08002f1c   0x00000030   Code   RO         4072    i.vListInsert       list.o
    0x08002f4c   0x08002f4c   0x00000018   Code   RO         4073    i.vListInsertEnd    list.o
    0x08002f64   0x08002f64   0x00000040   Code   RO         3996    i.vPortEnterCritical  port.o
    0x08002fa4   0x08002fa4   0x00000028   Code   RO         3997    i.vPortExitCritical  port.o
    0x08002fcc   0x08002fcc   0x0000005c   Code   RO         3791    i.vPortFree         heap_4.o
    0x08003028   0x08003028   0x00000020   Code   RO         3998    i.vPortSetupTimerInterrupt  port.o
    0x08003048   0x08003048   0x00000054   Code   RO         3999    i.vPortValidateInterruptPriority  port.o
    0x0800309c   0x0800309c   0x00000028   Code   RO         3857    i.vQueueAddToRegistry  queue.o
    0x080030c4   0x080030c4   0x00000044   Code   RO         3860    i.vQueueWaitForMessageRestricted  queue.o
    0x08003108   0x08003108   0x0000004c   Code   RO         3107    i.vTaskDelay        tasks.o
    0x08003154   0x08003154   0x0000000c   Code   RO         3110    i.vTaskMissedYield  tasks.o
    0x08003160   0x08003160   0x00000030   Code   RO         3112    i.vTaskPlaceOnEventList  tasks.o
    0x08003190   0x08003190   0x00000038   Code   RO         3113    i.vTaskPlaceOnEventListRestricted  tasks.o
    0x080031c8   0x080031c8   0x00000084   Code   RO         3115    i.vTaskPriorityInherit  tasks.o
    0x0800324c   0x0800324c   0x00000024   Code   RO         3118    i.vTaskSetTimeOutState  tasks.o
    0x08003270   0x08003270   0x00000070   Code   RO         3119    i.vTaskStartScheduler  tasks.o
    0x080032e0   0x080032e0   0x00000010   Code   RO         3121    i.vTaskSuspendAll   tasks.o
    0x080032f0   0x080032f0   0x00000074   Code   RO         3122    i.vTaskSwitchContext  tasks.o
    0x08003364   0x08003364   0x00000074   Code   RO         4000    i.xPortStartScheduler  port.o
    0x080033d8   0x080033d8   0x0000002c   Code   RO         4001    i.xPortSysTickHandler  port.o
    0x08003404   0x08003404   0x00000048   Code   RO         3862    i.xQueueGenericCreate  queue.o
    0x0800344c   0x0800344c   0x0000016c   Code   RO         3863    i.xQueueGenericReceive  queue.o
    0x080035b8   0x080035b8   0x00000088   Code   RO         3864    i.xQueueGenericReset  queue.o
    0x08003640   0x08003640   0x00000160   Code   RO         3865    i.xQueueGenericSend  queue.o
    0x080037a0   0x080037a0   0x000000bc   Code   RO         3866    i.xQueueGenericSendFromISR  queue.o
    0x0800385c   0x0800385c   0x0000006c   Code   RO         3123    i.xTaskCheckForTimeOut  tasks.o
    0x080038c8   0x080038c8   0x00000056   Code   RO         3124    i.xTaskCreate       tasks.o
    0x0800391e   0x0800391e   0x00000002   PAD
    0x08003920   0x08003920   0x0000001c   Code   RO         3128    i.xTaskGetSchedulerState  tasks.o
    0x0800393c   0x0800393c   0x0000000c   Code   RO         3129    i.xTaskGetTickCount  tasks.o
    0x08003948   0x08003948   0x000000d4   Code   RO         3131    i.xTaskIncrementTick  tasks.o
    0x08003a1c   0x08003a1c   0x00000098   Code   RO         3134    i.xTaskPriorityDisinherit  tasks.o
    0x08003ab4   0x08003ab4   0x00000074   Code   RO         3135    i.xTaskRemoveFromEventList  tasks.o
    0x08003b28   0x08003b28   0x000000c4   Code   RO         3137    i.xTaskResumeAll    tasks.o
    0x08003bec   0x08003bec   0x00000048   Code   RO         4116    i.xTimerCreateTimerTask  timers.o
    0x08003c34   0x08003c34   0x00000060   Code   RO         4117    i.xTimerGenericCommand  timers.o
    0x08003c94   0x08003c94   0x00000010   Data   RO         3019    .constdata          system_stm32f1xx.o
    0x08003ca4   0x08003ca4   0x00000008   Data   RO         3020    .constdata          system_stm32f1xx.o
    0x08003cac   0x08003cac   0x00000014   Data   RO         4656    .constdata          freertos.o
    0x08003cc0   0x08003cc0   0x0000000c   Data   RO         4657    .conststring        freertos.o
    0x08003ccc   0x08003ccc   0x00000020   Data   RO         4924    Region$$Table       anon$$obj.o


    Execution Region RW_IRAM1 (Exec base: 0x20000000, Load base: 0x08003cec, Size: 0x00001490, Max: 0x00005000, ABSOLUTE)

    Exec Addr    Load Addr    Size         Type   Attr      Idx    E Section Name        Object

    0x20000000   0x08003cec   0x00000004   Data   RW         1515    .data               stm32f1xx_hal.o
    0x20000004   0x08003cf0   0x00000004   Data   RW         3021    .data               system_stm32f1xx.o
    0x20000008   0x08003cf4   0x0000003c   Data   RW         3140    .data               tasks.o
    0x20000044   0x08003d30   0x00000018   Data   RW         3796    .data               heap_4.o
    0x2000005c   0x08003d48   0x0000000c   Data   RW         4002    .data               port.o
    0x20000068   0x08003d54   0x00000014   Data   RW         4123    .data               timers.o
    0x2000007c   0x08003d68   0x00000008   Data   RW         4310    .data               crc.o
    0x20000084   0x08003d70   0x00000004   Data   RW         4658    .data               freertos.o
    0x20000088        -       0x000000f0   Zero   RW         3139    .bss                tasks.o
    0x20000178        -       0x00000c00   Zero   RW         3795    .bss                heap_4.o
    0x20000d78        -       0x00000040   Zero   RW         3872    .bss                queue.o
    0x20000db8        -       0x00000028   Zero   RW         4122    .bss                timers.o
    0x20000de0        -       0x00000030   Zero   RW         4352    .bss                adc.o
    0x20000e10        -       0x00000080   Zero   RW         4527    .bss                tim.o
    0x20000e90        -       0x00000084   Zero   RW         4574    .bss                usart.o
    0x20000f14        -       0x00000040   Zero   RW         4616    .bss                stm32f1xx_hal_timebase_tim.o
    0x20000f54        -       0x000000f4   Zero   RW         4704    .bss                spi.o
    0x20001048        -       0x00000044   Zero   RW         4751    .bss                can.o
    0x2000108c   0x08003d74   0x00000004   PAD
    0x20001090        -       0x00000400   Zero   RW            1    STACK               startup_stm32f103xb.o


==============================================================================

Image component sizes


      Code (inc. data)   RO Data    RW Data    ZI Data      Debug   Object Name

       156         36          0          0         48       1433   adc.o
       200         36          0          0         68       1471   can.o
       102          0          0          0          0      17276   cmsis_os.o
        96         34          0          8          0       1319   crc.o
         0          0          0          0          0      10140   croutine.o
        60          4          0          0          0        678   dma.o
        56         10         32          4          0       3151   freertos.o
       164         16          0          0          0        843   gpio.o
       468         22          0         24       3072      12499   heap_4.o
       136          0          0          0          0       3202   list.o
       202          6          0          0          0       5933   main.o
       606         72          0         12          0      10645   port.o
      1500         20          0          0         64      13361   queue.o
       408         96          0          0        244       2171   spi.o
        36          8        236          0       1024        772   startup_stm32f103xb.o
        64         16          0          4          0       2340   stm32f1xx_hal.o
       612         24          0          0          0       3160   stm32f1xx_hal_adc.o
      1164         16          0          0          0       4910   stm32f1xx_hal_can.o
       218         14          0          0          0      26121   stm32f1xx_hal_cortex.o
        34          0          0          0          0        963   stm32f1xx_hal_crc.o
       592         36          0          0          0       2599   stm32f1xx_hal_dma.o
         0          0          0          0          0     463112   stm32f1xx_hal_flash_ex.o
       454         36          0          0          0       2784   stm32f1xx_hal_gpio.o
       132         10          0          0          0        782   stm32f1xx_hal_msp.o
      1360        114          0          0          0       5997   stm32f1xx_hal_rcc.o
       236         12          0          0          0       1320   stm32f1xx_hal_rcc_ex.o
       130          0          0          0          0        999   stm32f1xx_hal_spi_ex.o
       900         14          0          0          0       8991   stm32f1xx_hal_tim.o
        84          0          0          0          0       2202   stm32f1xx_hal_tim_ex.o
       116         16          0          0         64       1352   stm32f1xx_hal_timebase_tim.o
      1036         10          0          0          0       6699   stm32f1xx_hal_uart.o
       112         48          0          0          0       5925   stm32f1xx_it.o
        72         16         24          4          0       1063   system_stm32f1xx.o
      2176        184          0         60        240      34179   tasks.o
       324         58          0          0        128       2095   tim.o
       852         78          0         20         40       9019   timers.o
       252         62          0          0        132       1605   usart.o

    ----------------------------------------------------------------------
     15150       1124        324        136       5128     673111   Object Totals
         0          0         32          0          0          0   (incl. Generated)
        40          0          0          0          4          0   (incl. Padding)

    ----------------------------------------------------------------------

      Code (inc. data)   RO Data    RW Data    ZI Data      Debug   Library Member Name

         0          0          0          0          0          0   entry.o
         0          0          0          0          0          0   entry10a.o
         0          0          0          0          0          0   entry11a.o
         8          4          0          0          0          0   entry2.o
         4          0          0          0          0          0   entry5.o
         0          0          0          0          0          0   entry7b.o
         0          0          0          0          0          0   entry8b.o
         8          4          0          0          0          0   entry9a.o
        30          0          0          0          0          0   handlers.o
        36          8          0          0          0         68   init.o
        36          0          0          0          0         68   memcpya.o

    ----------------------------------------------------------------------
       122         16          0          0          0        136   Library Totals
         0          0          0          0          0          0   (incl. Padding)

    ----------------------------------------------------------------------

      Code (inc. data)   RO Data    RW Data    ZI Data      Debug   Library Name

       122         16          0          0          0        136   mc_w.l

    ----------------------------------------------------------------------
       122         16          0          0          0        136   Library Totals

    ----------------------------------------------------------------------

==============================================================================


      Code (inc. data)   RO Data    RW Data    ZI Data      Debug   

     15272       1140        324        136       5128     664819   Grand Totals
     15272       1140        324        136       5128     664819   ELF Image Totals
     15272       1140        324        136          0          0   ROM Totals

==============================================================================

    Total RO  Size (Code + RO Data)                15596 (  15.23kB)
    Total RW  Size (RW Data + ZI Data)              5264 (   5.14kB)
    Total ROM Size (Code + RO Data + RW Data)      15732 (  15.36kB)

==============================================================================

